// Vitest Snapshot v1, https://vitest.dev/guide/snapshot.html

exports[`buildAllScenarioGrids — characterization (regression gate) > doh criteria, 8 weeks — full snapshot 1`] = `
[
  "scenario=baseline dohFloor=75 criteria=doh/75",
  "weeks=1:7:2026-06-30 2:14:2026-07-07 3:21:2026-07-14 4:28:2026-07-21 5:35:2026-07-28 6:42:2026-08-04 7:49:2026-08-11 8:56:2026-08-18",
  "[global] SKU-SEALEAD name=Long Sea Lead lead=international-default modal=sea dd=10 status=REORDER late=true buyBy=1",
  "  w1 stock=30 doh=3 in=0 sea=0 air=0 reg=0/0 sug=0/0 vos=[] rec=0 out=false low=true x=false",
  "  w2 stock=0 doh=0 in=0 sea=0 air=0 reg=0/0 sug=0/0 vos=[] rec=0 out=true low=true x=false",
  "  w3 stock=0 doh=0 in=0 sea=0 air=0 reg=0/0 sug=0/0 vos=[] rec=0 out=true low=true x=false",
  "  w4 stock=0 doh=0 in=0 sea=0 air=0 reg=0/0 sug=0/0 vos=[] rec=0 out=true low=true x=false",
  "  w5 stock=0 doh=0 in=0 sea=0 air=0 reg=0/0 sug=0/0 vos=[] rec=0 out=true low=true x=false",
  "  w6 stock=0 doh=0 in=0 sea=0 air=0 reg=0/0 sug=0/0 vos=[] rec=0 out=true low=true x=false",
  "  w7 stock=0 doh=0 in=0 sea=0 air=0 reg=0/0 sug=0/0 vos=[] rec=0 out=true low=true x=false",
  "  w8 stock=0 doh=0 in=0 sea=0 air=0 reg=0/0 sug=0/0 vos=[] rec=0 out=true low=true x=false",
  "[global] SKU-REPAIR name=Repairable Part lead=international-default modal=sea dd=4 status=OK late=false buyBy=6",
  "  w1 stock=176 doh=44 in=0 sea=0 air=0 reg=0/0 sug=0/0 vos=[] rec=4 out=false low=true x=false",
  "  w2 stock=162 doh=41 in=0 sea=0 air=0 reg=0/0 sug=0/0 vos=[] rec=14 out=false low=true x=false",
  "  w3 stock=148 doh=37 in=0 sea=0 air=0 reg=0/0 sug=0/0 vos=[] rec=14 out=false low=true x=false",
  "  w4 stock=134 doh=34 in=0 sea=0 air=0 reg=0/0 sug=0/0 vos=[] rec=14 out=false low=true x=false",
  "  w5 stock=120 doh=30 in=0 sea=0 air=0 reg=0/0 sug=0/0 vos=[] rec=14 out=false low=true x=false",
  "  w6 stock=106 doh=27 in=0 sea=0 air=0 reg=0/0 sug=0/0 vos=[] rec=14 out=false low=true x=false",
  "  w7 stock=92 doh=23 in=0 sea=0 air=0 reg=0/0 sug=0/0 vos=[] rec=14 out=false low=true x=false",
  "  w8 stock=78 doh=20 in=0 sea=0 air=0 reg=0/0 sug=0/0 vos=[] rec=14 out=false low=true x=false",
  "[global] SKU-STEADY name=Steady Breacher lead=international-default modal=sea dd=5 status=OK late=false buyBy=null",
  "  w1 stock=520 doh=104 in=55 sea=40 air=15 reg=40/15 sug=0/0 vos=[VO-2,po-3] rec=0 out=false low=false x=false",
  "  w2 stock=530 doh=106 in=45 sea=20 air=25 reg=20/25 sug=0/0 vos=[VO-4,VO-10] rec=0 out=false low=false x=false",
  "  w3 stock=495 doh=99 in=0 sea=0 air=0 reg=0/0 sug=0/0 vos=[] rec=0 out=false low=false x=false",
  "  w4 stock=460 doh=92 in=0 sea=0 air=0 reg=0/0 sug=0/0 vos=[] rec=0 out=false low=false x=false",
  "  w5 stock=425 doh=85 in=0 sea=0 air=0 reg=0/0 sug=0/0 vos=[] rec=0 out=false low=false x=false",
  "  w6 stock=390 doh=78 in=0 sea=0 air=0 reg=0/0 sug=0/0 vos=[] rec=0 out=false low=false x=false",
  "  w7 stock=355 doh=71 in=0 sea=0 air=0 reg=0/0 sug=0/0 vos=[] rec=0 out=false low=true x=false",
  "  w8 stock=360 doh=72 in=40 sea=40 air=0 reg=40/0 sug=0/0 vos=[VO-5] rec=0 out=false low=true x=false",
  "[global] SKU-ZERO name=Zero Demand lead=international-default modal=sea dd=0 status=OK late=false buyBy=null",
  "  w1 stock=100 doh=null in=0 sea=0 air=0 reg=0/0 sug=0/0 vos=[] rec=0 out=false low=false x=false",
  "  w2 stock=100 doh=null in=0 sea=0 air=0 reg=0/0 sug=0/0 vos=[] rec=0 out=false low=false x=false",
  "  w3 stock=100 doh=null in=0 sea=0 air=0 reg=0/0 sug=0/0 vos=[] rec=0 out=false low=false x=false",
  "  w4 stock=100 doh=null in=0 sea=0 air=0 reg=0/0 sug=0/0 vos=[] rec=0 out=false low=false x=false",
  "  w5 stock=100 doh=null in=0 sea=0 air=0 reg=0/0 sug=0/0 vos=[] rec=0 out=false low=false x=false",
  "  w6 stock=100 doh=null in=0 sea=0 air=0 reg=0/0 sug=0/0 vos=[] rec=0 out=false low=false x=false",
  "  w7 stock=100 doh=null in=0 sea=0 air=0 reg=0/0 sug=0/0 vos=[] rec=0 out=false low=false x=false",
  "  w8 stock=100 doh=null in=0 sea=0 air=0 reg=0/0 sug=0/0 vos=[] rec=0 out=false low=false x=false",
  "[osasco] SKU-SEALEAD name=Long Sea Lead lead=international-default modal=sea dd=10 status=REORDER late=true buyBy=1",
  "  w1 stock=24 doh=3 in=0 sea=0 air=0 reg=0/0 sug=0/0 vos=[] rec=0 out=false low=true x=false",
  "  w2 stock=0 doh=0 in=0 sea=0 air=0 reg=0/0 sug=0/0 vos=[] rec=0 out=true low=true x=false",
  "  w3 stock=0 doh=0 in=0 sea=0 air=0 reg=0/0 sug=0/0 vos=[] rec=0 out=true low=true x=false",
  "  w4 stock=0 doh=0 in=0 sea=0 air=0 reg=0/0 sug=0/0 vos=[] rec=0 out=true low=true x=false",
  "  w5 stock=0 doh=0 in=0 sea=0 air=0 reg=0/0 sug=0/0 vos=[] rec=0 out=true low=true x=false",
  "  w6 stock=0 doh=0 in=0 sea=0 air=0 reg=0/0 sug=0/0 vos=[] rec=0 out=true low=true x=false",
  "  w7 stock=0 doh=0 in=0 sea=0 air=0 reg=0/0 sug=0/0 vos=[] rec=0 out=true low=true x=false",
  "  w8 stock=0 doh=0 in=0 sea=0 air=0 reg=0/0 sug=0/0 vos=[] rec=0 out=true low=true x=false",
  "[osasco] SKU-REPAIR name=Repairable Part lead=international-default modal=sea dd=4 status=OK late=false buyBy=6",
  "  w1 stock=106 doh=44 in=0 sea=0 air=0 reg=0/0 sug=0/0 vos=[] rec=2 out=false low=true x=false",
  "  w2 stock=97 doh=40 in=0 sea=0 air=0 reg=0/0 sug=0/0 vos=[] rec=8 out=false low=true x=false",
  "  w3 stock=89 doh=37 in=0 sea=0 air=0 reg=0/0 sug=0/0 vos=[] rec=8 out=false low=true x=false",
  "  w4 stock=80 doh=33 in=0 sea=0 air=0 reg=0/0 sug=0/0 vos=[] rec=8 out=false low=true x=false",
  "  w5 stock=72 doh=30 in=0 sea=0 air=0 reg=0/0 sug=0/0 vos=[] rec=8 out=false low=true x=false",
  "  w6 stock=64 doh=27 in=0 sea=0 air=0 reg=0/0 sug=0/0 vos=[] rec=8 out=false low=true x=false",
  "  w7 stock=55 doh=23 in=0 sea=0 air=0 reg=0/0 sug=0/0 vos=[] rec=8 out=false low=true x=false",
  "  w8 stock=47 doh=20 in=0 sea=0 air=0 reg=0/0 sug=0/0 vos=[] rec=8 out=false low=true x=false",
  "[osasco] SKU-STEADY name=Steady Breacher lead=international-default modal=sea dd=5 status=OK late=false buyBy=null",
  "  w1 stock=388 doh=155 in=55 sea=40 air=15 reg=40/15 sug=0/0 vos=[VO-2,po-3] rec=0 out=false low=false x=false",
  "  w2 stock=415 doh=166 in=45 sea=20 air=25 reg=20/25 sug=0/0 vos=[VO-4,VO-10] rec=0 out=false low=false x=false",
  "  w3 stock=398 doh=159 in=0 sea=0 air=0 reg=0/0 sug=0/0 vos=[] rec=0 out=false low=false x=false",
  "  w4 stock=380 doh=152 in=0 sea=0 air=0 reg=0/0 sug=0/0 vos=[] rec=0 out=false low=false x=false",
  "  w5 stock=363 doh=145 in=0 sea=0 air=0 reg=0/0 sug=0/0 vos=[] rec=0 out=false low=false x=false",
  "  w6 stock=345 doh=138 in=0 sea=0 air=0 reg=0/0 sug=0/0 vos=[] rec=0 out=false low=false x=false",
  "  w7 stock=328 doh=131 in=0 sea=0 air=0 reg=0/0 sug=0/0 vos=[] rec=0 out=false low=false x=false",
  "  w8 stock=350 doh=140 in=40 sea=40 air=0 reg=40/0 sug=0/0 vos=[VO-5] rec=0 out=false low=false x=false",
  "[osasco] SKU-ZERO name=Zero Demand lead=international-default modal=sea dd=0 status=OK late=false buyBy=null",
  "  w1 stock=80 doh=null in=0 sea=0 air=0 reg=0/0 sug=0/0 vos=[] rec=0 out=false low=false x=false",
  "  w2 stock=80 doh=null in=0 sea=0 air=0 reg=0/0 sug=0/0 vos=[] rec=0 out=false low=false x=false",
  "  w3 stock=80 doh=null in=0 sea=0 air=0 reg=0/0 sug=0/0 vos=[] rec=0 out=false low=false x=false",
  "  w4 stock=80 doh=null in=0 sea=0 air=0 reg=0/0 sug=0/0 vos=[] rec=0 out=false low=false x=false",
  "  w5 stock=80 doh=null in=0 sea=0 air=0 reg=0/0 sug=0/0 vos=[] rec=0 out=false low=false x=false",
  "  w6 stock=80 doh=null in=0 sea=0 air=0 reg=0/0 sug=0/0 vos=[] rec=0 out=false low=false x=false",
  "  w7 stock=80 doh=null in=0 sea=0 air=0 reg=0/0 sug=0/0 vos=[] rec=0 out=false low=false x=false",
  "  w8 stock=80 doh=null in=0 sea=0 air=0 reg=0/0 sug=0/0 vos=[] rec=0 out=false low=false x=false",
  "[mooca] SKU-SEALEAD name=Long Sea Lead lead=international-default modal=sea dd=10 status=REORDER late=true buyBy=1",
  "  w1 stock=6 doh=3 in=0 sea=0 air=0 reg=0/0 sug=0/0 vos=[] rec=0 out=false low=true x=false",
  "  w2 stock=0 doh=0 in=0 sea=0 air=0 reg=0/0 sug=0/0 vos=[] rec=0 out=true low=true x=false",
  "  w3 stock=0 doh=0 in=0 sea=0 air=0 reg=0/0 sug=0/0 vos=[] rec=0 out=true low=true x=false",
  "  w4 stock=0 doh=0 in=0 sea=0 air=0 reg=0/0 sug=0/0 vos=[] rec=0 out=true low=true x=false",
  "  w5 stock=0 doh=0 in=0 sea=0 air=0 reg=0/0 sug=0/0 vos=[] rec=0 out=true low=true x=false",
  "  w6 stock=0 doh=0 in=0 sea=0 air=0 reg=0/0 sug=0/0 vos=[] rec=0 out=true low=true x=false",
  "  w7 stock=0 doh=0 in=0 sea=0 air=0 reg=0/0 sug=0/0 vos=[] rec=0 out=true low=true x=false",
  "  w8 stock=0 doh=0 in=0 sea=0 air=0 reg=0/0 sug=0/0 vos=[] rec=0 out=true low=true x=false",
  "[mooca] SKU-REPAIR name=Repairable Part lead=international-default modal=sea dd=4 status=OK late=false buyBy=6",
  "  w1 stock=34 doh=43 in=0 sea=0 air=0 reg=0/0 sug=0/0 vos=[] rec=0 out=false low=true x=false",
  "  w2 stock=29 doh=36 in=0 sea=0 air=0 reg=0/0 sug=0/0 vos=[] rec=0 out=false low=true x=false",
  "  w3 stock=23 doh=29 in=0 sea=0 air=0 reg=0/0 sug=0/0 vos=[] rec=0 out=false low=true x=false",
  "  w4 stock=18 doh=23 in=0 sea=0 air=0 reg=0/0 sug=0/0 vos=[] rec=0 out=false low=true x=false",
  "  w5 stock=12 doh=15 in=0 sea=0 air=0 reg=0/0 sug=0/0 vos=[] rec=0 out=false low=true x=false",
  "  w6 stock=6 doh=8 in=0 sea=0 air=0 reg=0/0 sug=0/0 vos=[] rec=0 out=false low=true x=false",
  "  w7 stock=1 doh=1 in=0 sea=0 air=0 reg=0/0 sug=0/0 vos=[] rec=0 out=false low=true x=false",
  "  w8 stock=0 doh=0 in=0 sea=0 air=0 reg=0/0 sug=0/0 vos=[] rec=0 out=true low=true x=false",
  "[mooca] SKU-STEADY name=Steady Breacher lead=international-default modal=sea dd=5 status=OK late=false buyBy=null",
  "  w1 stock=90 doh=60 in=0 sea=0 air=0 reg=0/0 sug=0/0 vos=[] rec=0 out=false low=true x=false",
  "  w2 stock=79 doh=53 in=0 sea=0 air=0 reg=0/0 sug=0/0 vos=[] rec=0 out=false low=true x=false",
  "  w3 stock=69 doh=46 in=0 sea=0 air=0 reg=0/0 sug=0/0 vos=[] rec=0 out=false low=true x=false",
  "  w4 stock=58 doh=39 in=0 sea=0 air=0 reg=0/0 sug=0/0 vos=[] rec=0 out=false low=true x=false",
  "  w5 stock=48 doh=32 in=0 sea=0 air=0 reg=0/0 sug=0/0 vos=[] rec=0 out=false low=true x=false",
  "  w6 stock=37 doh=25 in=0 sea=0 air=0 reg=0/0 sug=0/0 vos=[] rec=0 out=false low=true x=false",
  "  w7 stock=27 doh=18 in=0 sea=0 air=0 reg=0/0 sug=0/0 vos=[] rec=0 out=false low=true x=false",
  "  w8 stock=16 doh=11 in=0 sea=0 air=0 reg=0/0 sug=0/0 vos=[] rec=0 out=false low=true x=false",
  "[mooca] SKU-ZERO name=Zero Demand lead=international-default modal=sea dd=0 status=OK late=false buyBy=null",
  "  w1 stock=10 doh=null in=0 sea=0 air=0 reg=0/0 sug=0/0 vos=[] rec=0 out=false low=false x=false",
  "  w2 stock=10 doh=null in=0 sea=0 air=0 reg=0/0 sug=0/0 vos=[] rec=0 out=false low=false x=false",
  "  w3 stock=10 doh=null in=0 sea=0 air=0 reg=0/0 sug=0/0 vos=[] rec=0 out=false low=false x=false",
  "  w4 stock=10 doh=null in=0 sea=0 air=0 reg=0/0 sug=0/0 vos=[] rec=0 out=false low=false x=false",
  "  w5 stock=10 doh=null in=0 sea=0 air=0 reg=0/0 sug=0/0 vos=[] rec=0 out=false low=false x=false",
  "  w6 stock=10 doh=null in=0 sea=0 air=0 reg=0/0 sug=0/0 vos=[] rec=0 out=false low=false x=false",
  "  w7 stock=10 doh=null in=0 sea=0 air=0 reg=0/0 sug=0/0 vos=[] rec=0 out=false low=false x=false",
  "  w8 stock=10 doh=null in=0 sea=0 air=0 reg=0/0 sug=0/0 vos=[] rec=0 out=false low=false x=false",
  "[sbc] SKU-SEALEAD name=Long Sea Lead lead=international-default modal=sea dd=10 status=REORDER late=true buyBy=1",
  "  w1 stock=0 doh=null in=0 sea=0 air=0 reg=0/0 sug=0/0 vos=[] rec=0 out=true low=false x=false",
  "  w2 stock=0 doh=null in=0 sea=0 air=0 reg=0/0 sug=0/0 vos=[] rec=0 out=true low=false x=false",
  "  w3 stock=0 doh=null in=0 sea=0 air=0 reg=0/0 sug=0/0 vos=[] rec=0 out=true low=false x=false",
  "  w4 stock=0 doh=null in=0 sea=0 air=0 reg=0/0 sug=0/0 vos=[] rec=0 out=true low=false x=false",
  "  w5 stock=0 doh=null in=0 sea=0 air=0 reg=0/0 sug=0/0 vos=[] rec=0 out=true low=false x=false",
  "  w6 stock=0 doh=null in=0 sea=0 air=0 reg=0/0 sug=0/0 vos=[] rec=0 out=true low=false x=false",
  "  w7 stock=0 doh=null in=0 sea=0 air=0 reg=0/0 sug=0/0 vos=[] rec=0 out=true low=false x=false",
  "  w8 stock=0 doh=null in=0 sea=0 air=0 reg=0/0 sug=0/0 vos=[] rec=0 out=true low=false x=false",
  "[sbc] SKU-REPAIR name=Repairable Part lead=international-default modal=sea dd=4 status=OK late=false buyBy=6",
  "  w1 stock=34 doh=43 in=0 sea=0 air=0 reg=0/0 sug=0/0 vos=[] rec=0 out=false low=true x=false",
  "  w2 stock=29 doh=36 in=0 sea=0 air=0 reg=0/0 sug=0/0 vos=[] rec=0 out=false low=true x=false",
  "  w3 stock=23 doh=29 in=0 sea=0 air=0 reg=0/0 sug=0/0 vos=[] rec=0 out=false low=true x=false",
  "  w4 stock=18 doh=23 in=0 sea=0 air=0 reg=0/0 sug=0/0 vos=[] rec=0 out=false low=true x=false",
  "  w5 stock=12 doh=15 in=0 sea=0 air=0 reg=0/0 sug=0/0 vos=[] rec=0 out=false low=true x=false",
  "  w6 stock=6 doh=8 in=0 sea=0 air=0 reg=0/0 sug=0/0 vos=[] rec=0 out=false low=true x=false",
  "  w7 stock=1 doh=1 in=0 sea=0 air=0 reg=0/0 sug=0/0 vos=[] rec=0 out=false low=true x=false",
  "  w8 stock=0 doh=0 in=0 sea=0 air=0 reg=0/0 sug=0/0 vos=[] rec=0 out=true low=true x=false",
  "[sbc] SKU-STEADY name=Steady Breacher lead=international-default modal=sea dd=5 status=OK late=false buyBy=null",
  "  w1 stock=43 doh=43 in=0 sea=0 air=0 reg=0/0 sug=0/0 vos=[] rec=0 out=false low=true x=false",
  "  w2 stock=36 doh=36 in=0 sea=0 air=0 reg=0/0 sug=0/0 vos=[] rec=0 out=false low=true x=false",
  "  w3 stock=29 doh=29 in=0 sea=0 air=0 reg=0/0 sug=0/0 vos=[] rec=0 out=false low=true x=false",
  "  w4 stock=22 doh=22 in=0 sea=0 air=0 reg=0/0 sug=0/0 vos=[] rec=0 out=false low=true x=false",
  "  w5 stock=15 doh=15 in=0 sea=0 air=0 reg=0/0 sug=0/0 vos=[] rec=0 out=false low=true x=false",
  "  w6 stock=8 doh=8 in=0 sea=0 air=0 reg=0/0 sug=0/0 vos=[] rec=0 out=false low=true x=false",
  "  w7 stock=1 doh=1 in=0 sea=0 air=0 reg=0/0 sug=0/0 vos=[] rec=0 out=false low=true x=false",
  "  w8 stock=0 doh=0 in=0 sea=0 air=0 reg=0/0 sug=0/0 vos=[] rec=0 out=true low=true x=false",
  "[sbc] SKU-ZERO name=Zero Demand lead=international-default modal=sea dd=0 status=OK late=false buyBy=null",
  "  w1 stock=10 doh=null in=0 sea=0 air=0 reg=0/0 sug=0/0 vos=[] rec=0 out=false low=false x=false",
  "  w2 stock=10 doh=null in=0 sea=0 air=0 reg=0/0 sug=0/0 vos=[] rec=0 out=false low=false x=false",
  "  w3 stock=10 doh=null in=0 sea=0 air=0 reg=0/0 sug=0/0 vos=[] rec=0 out=false low=false x=false",
  "  w4 stock=10 doh=null in=0 sea=0 air=0 reg=0/0 sug=0/0 vos=[] rec=0 out=false low=false x=false",
  "  w5 stock=10 doh=null in=0 sea=0 air=0 reg=0/0 sug=0/0 vos=[] rec=0 out=false low=false x=false",
  "  w6 stock=10 doh=null in=0 sea=0 air=0 reg=0/0 sug=0/0 vos=[] rec=0 out=false low=false x=false",
  "  w7 stock=10 doh=null in=0 sea=0 air=0 reg=0/0 sug=0/0 vos=[] rec=0 out=false low=false x=false",
  "  w8 stock=10 doh=null in=0 sea=0 air=0 reg=0/0 sug=0/0 vos=[] rec=0 out=false low=false x=false",
  "scenario=air_only dohFloor=75 criteria=doh/75",
  "weeks=1:7:2026-06-30 2:14:2026-07-07 3:21:2026-07-14 4:28:2026-07-21 5:35:2026-07-28 6:42:2026-08-04 7:49:2026-08-11 8:56:2026-08-18",
  "[global] SKU-SEALEAD name=Long Sea Lead lead=international-default modal=sea dd=10 status=REORDER late=true buyBy=1",
  "  w1 stock=30 doh=3 in=0 sea=0 air=0 reg=0/0 sug=0/0 vos=[] rec=0 out=false low=true x=false",
  "  w2 stock=0 doh=0 in=0 sea=0 air=0 reg=0/0 sug=0/0 vos=[] rec=0 out=true low=true x=false",
  "  w3 stock=0 doh=0 in=0 sea=0 air=0 reg=0/0 sug=0/0 vos=[] rec=0 out=true low=true x=false",
  "  w4 stock=0 doh=0 in=0 sea=0 air=0 reg=0/0 sug=0/0 vos=[] rec=0 out=true low=true x=false",
  "  w5 stock=0 doh=0 in=0 sea=0 air=0 reg=0/0 sug=0/0 vos=[] rec=0 out=true low=true x=false",
  "  w6 stock=1770 doh=177 in=1800 sea=0 air=1800 reg=0/0 sug=0/1800 vos=[] rec=0 out=false low=false x=false",
  "  w7 stock=1700 doh=170 in=0 sea=0 air=0 reg=0/0 sug=0/0 vos=[] rec=0 out=false low=false x=false",
  "  w8 stock=1630 doh=163 in=0 sea=0 air=0 reg=0/0 sug=0/0 vos=[] rec=0 out=false low=false x=false",
  "[global] SKU-REPAIR name=Repairable Part lead=international-default modal=sea dd=4 status=OK late=false buyBy=6",
  "  w1 stock=1616 doh=404 in=1440 sea=0 air=1440 reg=0/0 sug=0/1440 vos=[] rec=4 out=false low=false x=false",
  "  w2 stock=1602 doh=401 in=0 sea=0 air=0 reg=0/0 sug=0/0 vos=[] rec=14 out=false low=false x=false",
  "  w3 stock=1588 doh=397 in=0 sea=0 air=0 reg=0/0 sug=0/0 vos=[] rec=14 out=false low=false x=false",
  "  w4 stock=1574 doh=394 in=0 sea=0 air=0 reg=0/0 sug=0/0 vos=[] rec=14 out=false low=false x=false",
  "  w5 stock=1560 doh=390 in=0 sea=0 air=0 reg=0/0 sug=0/0 vos=[] rec=14 out=false low=false x=false",
  "  w6 stock=1546 doh=387 in=0 sea=0 air=0 reg=0/0 sug=0/0 vos=[] rec=14 out=false low=false x=false",
  "  w7 stock=1532 doh=383 in=0 sea=0 air=0 reg=0/0 sug=0/0 vos=[] rec=14 out=false low=false x=false",
  "  w8 stock=1518 doh=380 in=0 sea=0 air=0 reg=0/0 sug=0/0 vos=[] rec=14 out=false low=false x=false",
  "[global] SKU-STEADY name=Steady Breacher lead=international-default modal=sea dd=5 status=OK late=false buyBy=null",
  "  w1 stock=520 doh=104 in=55 sea=40 air=15 reg=40/15 sug=0/0 vos=[VO-2,po-3] rec=0 out=false low=false x=false",
  "  w2 stock=530 doh=106 in=45 sea=20 air=25 reg=20/25 sug=0/0 vos=[VO-4,VO-10] rec=0 out=false low=false x=false",
  "  w3 stock=495 doh=99 in=0 sea=0 air=0 reg=0/0 sug=0/0 vos=[] rec=0 out=false low=false x=false",
  "  w4 stock=460 doh=92 in=0 sea=0 air=0 reg=0/0 sug=0/0 vos=[] rec=0 out=false low=false x=false",
  "  w5 stock=425 doh=85 in=0 sea=0 air=0 reg=0/0 sug=0/0 vos=[] rec=0 out=false low=false x=false",
  "  w6 stock=390 doh=78 in=0 sea=0 air=0 reg=0/0 sug=0/0 vos=[] rec=0 out=false low=false x=false",
  "  w7 stock=655 doh=131 in=300 sea=0 air=300 reg=0/0 sug=0/300 vos=[] rec=0 out=false low=false x=false",
  "  w8 stock=660 doh=132 in=40 sea=40 air=0 reg=40/0 sug=0/0 vos=[VO-5] rec=0 out=false low=false x=false",
  "[global] SKU-ZERO name=Zero Demand lead=international-default modal=sea dd=0 status=OK late=false buyBy=null",
  "  w1 stock=100 doh=null in=0 sea=0 air=0 reg=0/0 sug=0/0 vos=[] rec=0 out=false low=false x=false",
  "  w2 stock=100 doh=null in=0 sea=0 air=0 reg=0/0 sug=0/0 vos=[] rec=0 out=false low=false x=false",
  "  w3 stock=100 doh=null in=0 sea=0 air=0 reg=0/0 sug=0/0 vos=[] rec=0 out=false low=false x=false",
  "  w4 stock=100 doh=null in=0 sea=0 air=0 reg=0/0 sug=0/0 vos=[] rec=0 out=false low=false x=false",
  "  w5 stock=100 doh=null in=0 sea=0 air=0 reg=0/0 sug=0/0 vos=[] rec=0 out=false low=false x=false",
  "  w6 stock=100 doh=null in=0 sea=0 air=0 reg=0/0 sug=0/0 vos=[] rec=0 out=false low=false x=false",
  "  w7 stock=100 doh=null in=0 sea=0 air=0 reg=0/0 sug=0/0 vos=[] rec=0 out=false low=false x=false",
  "  w8 stock=100 doh=null in=0 sea=0 air=0 reg=0/0 sug=0/0 vos=[] rec=0 out=false low=false x=false",
  "[osasco] SKU-SEALEAD name=Long Sea Lead lead=international-default modal=sea dd=10 status=REORDER late=true buyBy=1",
  "  w1 stock=24 doh=3 in=0 sea=0 air=0 reg=0/0 sug=0/0 vos=[] rec=0 out=false low=true x=false",
  "  w2 stock=0 doh=0 in=0 sea=0 air=0 reg=0/0 sug=0/0 vos=[] rec=0 out=true low=true x=false",
  "  w3 stock=0 doh=0 in=0 sea=0 air=0 reg=0/0 sug=0/0 vos=[] rec=0 out=true low=true x=false",
  "  w4 stock=0 doh=0 in=0 sea=0 air=0 reg=0/0 sug=0/0 vos=[] rec=0 out=true low=true x=false",
  "  w5 stock=0 doh=0 in=0 sea=0 air=0 reg=0/0 sug=0/0 vos=[] rec=0 out=true low=true x=false",
  "  w6 stock=1776 doh=222 in=1800 sea=0 air=1800 reg=0/0 sug=0/1800 vos=[] rec=0 out=false low=false x=false",
  "  w7 stock=1720 doh=215 in=0 sea=0 air=0 reg=0/0 sug=0/0 vos=[] rec=0 out=false low=false x=false",
  "  w8 stock=1664 doh=208 in=0 sea=0 air=0 reg=0/0 sug=0/0 vos=[] rec=0 out=false low=false x=false",
  "[osasco] SKU-REPAIR name=Repairable Part lead=international-default modal=sea dd=4 status=OK late=false buyBy=6",
  "  w1 stock=1546 doh=644 in=1440 sea=0 air=1440 reg=0/0 sug=0/1440 vos=[] rec=2 out=false low=false x=false",
  "  w2 stock=1537 doh=640 in=0 sea=0 air=0 reg=0/0 sug=0/0 vos=[] rec=8 out=false low=false x=false",
  "  w3 stock=1529 doh=637 in=0 sea=0 air=0 reg=0/0 sug=0/0 vos=[] rec=8 out=false low=false x=false",
  "  w4 stock=1520 doh=633 in=0 sea=0 air=0 reg=0/0 sug=0/0 vos=[] rec=8 out=false low=false x=false",
  "  w5 stock=1512 doh=630 in=0 sea=0 air=0 reg=0/0 sug=0/0 vos=[] rec=8 out=false low=false x=false",
  "  w6 stock=1504 doh=627 in=0 sea=0 air=0 reg=0/0 sug=0/0 vos=[] rec=8 out=false low=false x=false",
  "  w7 stock=1495 doh=623 in=0 sea=0 air=0 reg=0/0 sug=0/0 vos=[] rec=8 out=false low=false x=false",
  "  w8 stock=1487 doh=620 in=0 sea=0 air=0 reg=0/0 sug=0/0 vos=[] rec=8 out=false low=false x=false",
  "[osasco] SKU-STEADY name=Steady Breacher lead=international-default modal=sea dd=5 status=OK late=false buyBy=null",
  "  w1 stock=388 doh=155 in=55 sea=40 air=15 reg=40/15 sug=0/0 vos=[VO-2,po-3] rec=0 out=false low=false x=false",
  "  w2 stock=415 doh=166 in=45 sea=20 air=25 reg=20/25 sug=0/0 vos=[VO-4,VO-10] rec=0 out=false low=false x=false",
  "  w3 stock=398 doh=159 in=0 sea=0 air=0 reg=0/0 sug=0/0 vos=[] rec=0 out=false low=false x=false",
  "  w4 stock=380 doh=152 in=0 sea=0 air=0 reg=0/0 sug=0/0 vos=[] rec=0 out=false low=false x=false",
  "  w5 stock=363 doh=145 in=0 sea=0 air=0 reg=0/0 sug=0/0 vos=[] rec=0 out=false low=false x=false",
  "  w6 stock=345 doh=138 in=0 sea=0 air=0 reg=0/0 sug=0/0 vos=[] rec=0 out=false low=false x=false",
  "  w7 stock=628 doh=251 in=300 sea=0 air=300 reg=0/0 sug=0/300 vos=[] rec=0 out=false low=false x=false",
  "  w8 stock=650 doh=260 in=40 sea=40 air=0 reg=40/0 sug=0/0 vos=[VO-5] rec=0 out=false low=false x=false",
  "[osasco] SKU-ZERO name=Zero Demand lead=international-default modal=sea dd=0 status=OK late=false buyBy=null",
  "  w1 stock=80 doh=null in=0 sea=0 air=0 reg=0/0 sug=0/0 vos=[] rec=0 out=false low=false x=false",
  "  w2 stock=80 doh=null in=0 sea=0 air=0 reg=0/0 sug=0/0 vos=[] rec=0 out=false low=false x=false",
  "  w3 stock=80 doh=null in=0 sea=0 air=0 reg=0/0 sug=0/0 vos=[] rec=0 out=false low=false x=false",
  "  w4 stock=80 doh=null in=0 sea=0 air=0 reg=0/0 sug=0/0 vos=[] rec=0 out=false low=false x=false",
  "  w5 stock=80 doh=null in=0 sea=0 air=0 reg=0/0 sug=0/0 vos=[] rec=0 out=false low=false x=false",
  "  w6 stock=80 doh=null in=0 sea=0 air=0 reg=0/0 sug=0/0 vos=[] rec=0 out=false low=false x=false",
  "  w7 stock=80 doh=null in=0 sea=0 air=0 reg=0/0 sug=0/0 vos=[] rec=0 out=false low=false x=false",
  "  w8 stock=80 doh=null in=0 sea=0 air=0 reg=0/0 sug=0/0 vos=[] rec=0 out=false low=false x=false",
  "[mooca] SKU-SEALEAD name=Long Sea Lead lead=international-default modal=sea dd=10 status=REORDER late=true buyBy=1",
  "  w1 stock=6 doh=3 in=0 sea=0 air=0 reg=0/0 sug=0/0 vos=[] rec=0 out=false low=true x=false",
  "  w2 stock=0 doh=0 in=0 sea=0 air=0 reg=0/0 sug=0/0 vos=[] rec=0 out=true low=true x=false",
  "  w3 stock=0 doh=0 in=0 sea=0 air=0 reg=0/0 sug=0/0 vos=[] rec=0 out=true low=true x=false",
  "  w4 stock=0 doh=0 in=0 sea=0 air=0 reg=0/0 sug=0/0 vos=[] rec=0 out=true low=true x=false",
  "  w5 stock=0 doh=0 in=0 sea=0 air=0 reg=0/0 sug=0/0 vos=[] rec=0 out=true low=true x=false",
  "  w6 stock=0 doh=0 in=0 sea=0 air=0 reg=0/0 sug=0/0 vos=[] rec=0 out=true low=true x=false",
  "  w7 stock=0 doh=0 in=0 sea=0 air=0 reg=0/0 sug=0/0 vos=[] rec=0 out=true low=true x=false",
  "  w8 stock=0 doh=0 in=0 sea=0 air=0 reg=0/0 sug=0/0 vos=[] rec=0 out=true low=true x=false",
  "[mooca] SKU-REPAIR name=Repairable Part lead=international-default modal=sea dd=4 status=OK late=false buyBy=6",
  "  w1 stock=34 doh=43 in=0 sea=0 air=0 reg=0/0 sug=0/0 vos=[] rec=0 out=false low=true x=false",
  "  w2 stock=29 doh=36 in=0 sea=0 air=0 reg=0/0 sug=0/0 vos=[] rec=0 out=false low=true x=false",
  "  w3 stock=23 doh=29 in=0 sea=0 air=0 reg=0/0 sug=0/0 vos=[] rec=0 out=false low=true x=false",
  "  w4 stock=18 doh=23 in=0 sea=0 air=0 reg=0/0 sug=0/0 vos=[] rec=0 out=false low=true x=false",
  "  w5 stock=12 doh=15 in=0 sea=0 air=0 reg=0/0 sug=0/0 vos=[] rec=0 out=false low=true x=false",
  "  w6 stock=6 doh=8 in=0 sea=0 air=0 reg=0/0 sug=0/0 vos=[] rec=0 out=false low=true x=false",
  "  w7 stock=1 doh=1 in=0 sea=0 air=0 reg=0/0 sug=0/0 vos=[] rec=0 out=false low=true x=false",
  "  w8 stock=0 doh=0 in=0 sea=0 air=0 reg=0/0 sug=0/0 vos=[] rec=0 out=true low=true x=false",
  "[mooca] SKU-STEADY name=Steady Breacher lead=international-default modal=sea dd=5 status=OK late=false buyBy=null",
  "  w1 stock=90 doh=60 in=0 sea=0 air=0 reg=0/0 sug=0/0 vos=[] rec=0 out=false low=true x=false",
  "  w2 stock=79 doh=53 in=0 sea=0 air=0 reg=0/0 sug=0/0 vos=[] rec=0 out=false low=true x=false",
  "  w3 stock=69 doh=46 in=0 sea=0 air=0 reg=0/0 sug=0/0 vos=[] rec=0 out=false low=true x=false",
  "  w4 stock=58 doh=39 in=0 sea=0 air=0 reg=0/0 sug=0/0 vos=[] rec=0 out=false low=true x=false",
  "  w5 stock=48 doh=32 in=0 sea=0 air=0 reg=0/0 sug=0/0 vos=[] rec=0 out=false low=true x=false",
  "  w6 stock=37 doh=25 in=0 sea=0 air=0 reg=0/0 sug=0/0 vos=[] rec=0 out=false low=true x=false",
  "  w7 stock=27 doh=18 in=0 sea=0 air=0 reg=0/0 sug=0/0 vos=[] rec=0 out=false low=true x=false",
  "  w8 stock=16 doh=11 in=0 sea=0 air=0 reg=0/0 sug=0/0 vos=[] rec=0 out=false low=true x=false",
  "[mooca] SKU-ZERO name=Zero Demand lead=international-default modal=sea dd=0 status=OK late=false buyBy=null",
  "  w1 stock=10 doh=null in=0 sea=0 air=0 reg=0/0 sug=0/0 vos=[] rec=0 out=false low=false x=false",
  "  w2 stock=10 doh=null in=0 sea=0 air=0 reg=0/0 sug=0/0 vos=[] rec=0 out=false low=false x=false",
  "  w3 stock=10 doh=null in=0 sea=0 air=0 reg=0/0 sug=0/0 vos=[] rec=0 out=false low=false x=false",
  "  w4 stock=10 doh=null in=0 sea=0 air=0 reg=0/0 sug=0/0 vos=[] rec=0 out=false low=false x=false",
  "  w5 stock=10 doh=null in=0 sea=0 air=0 reg=0/0 sug=0/0 vos=[] rec=0 out=false low=false x=false",
  "  w6 stock=10 doh=null in=0 sea=0 air=0 reg=0/0 sug=0/0 vos=[] rec=0 out=false low=false x=false",
  "  w7 stock=10 doh=null in=0 sea=0 air=0 reg=0/0 sug=0/0 vos=[] rec=0 out=false low=false x=false",
  "  w8 stock=10 doh=null in=0 sea=0 air=0 reg=0/0 sug=0/0 vos=[] rec=0 out=false low=false x=false",
  "[sbc] SKU-SEALEAD name=Long Sea Lead lead=international-default modal=sea dd=10 status=REORDER late=true buyBy=1",
  "  w1 stock=0 doh=null in=0 sea=0 air=0 reg=0/0 sug=0/0 vos=[] rec=0 out=true low=false x=false",
  "  w2 stock=0 doh=null in=0 sea=0 air=0 reg=0/0 sug=0/0 vos=[] rec=0 out=true low=false x=false",
  "  w3 stock=0 doh=null in=0 sea=0 air=0 reg=0/0 sug=0/0 vos=[] rec=0 out=true low=false x=false",
  "  w4 stock=0 doh=null in=0 sea=0 air=0 reg=0/0 sug=0/0 vos=[] rec=0 out=true low=false x=false",
  "  w5 stock=0 doh=null in=0 sea=0 air=0 reg=0/0 sug=0/0 vos=[] rec=0 out=true low=false x=false",
  "  w6 stock=0 doh=null in=0 sea=0 air=0 reg=0/0 sug=0/0 vos=[] rec=0 out=true low=false x=false",
  "  w7 stock=0 doh=null in=0 sea=0 air=0 reg=0/0 sug=0/0 vos=[] rec=0 out=true low=false x=false",
  "  w8 stock=0 doh=null in=0 sea=0 air=0 reg=0/0 sug=0/0 vos=[] rec=0 out=true low=false x=false",
  "[sbc] SKU-REPAIR name=Repairable Part lead=international-default modal=sea dd=4 status=OK late=false buyBy=6",
  "  w1 stock=34 doh=43 in=0 sea=0 air=0 reg=0/0 sug=0/0 vos=[] rec=0 out=false low=true x=false",
  "  w2 stock=29 doh=36 in=0 sea=0 air=0 reg=0/0 sug=0/0 vos=[] rec=0 out=false low=true x=false",
  "  w3 stock=23 doh=29 in=0 sea=0 air=0 reg=0/0 sug=0/0 vos=[] rec=0 out=false low=true x=false",
  "  w4 stock=18 doh=23 in=0 sea=0 air=0 reg=0/0 sug=0/0 vos=[] rec=0 out=false low=true x=false",
  "  w5 stock=12 doh=15 in=0 sea=0 air=0 reg=0/0 sug=0/0 vos=[] rec=0 out=false low=true x=false",
  "  w6 stock=6 doh=8 in=0 sea=0 air=0 reg=0/0 sug=0/0 vos=[] rec=0 out=false low=true x=false",
  "  w7 stock=1 doh=1 in=0 sea=0 air=0 reg=0/0 sug=0/0 vos=[] rec=0 out=false low=true x=false",
  "  w8 stock=0 doh=0 in=0 sea=0 air=0 reg=0/0 sug=0/0 vos=[] rec=0 out=true low=true x=false",
  "[sbc] SKU-STEADY name=Steady Breacher lead=international-default modal=sea dd=5 status=OK late=false buyBy=null",
  "  w1 stock=43 doh=43 in=0 sea=0 air=0 reg=0/0 sug=0/0 vos=[] rec=0 out=false low=true x=false",
  "  w2 stock=36 doh=36 in=0 sea=0 air=0 reg=0/0 sug=0/0 vos=[] rec=0 out=false low=true x=false",
  "  w3 stock=29 doh=29 in=0 sea=0 air=0 reg=0/0 sug=0/0 vos=[] rec=0 out=false low=true x=false",
  "  w4 stock=22 doh=22 in=0 sea=0 air=0 reg=0/0 sug=0/0 vos=[] rec=0 out=false low=true x=false",
  "  w5 stock=15 doh=15 in=0 sea=0 air=0 reg=0/0 sug=0/0 vos=[] rec=0 out=false low=true x=false",
  "  w6 stock=8 doh=8 in=0 sea=0 air=0 reg=0/0 sug=0/0 vos=[] rec=0 out=false low=true x=false",
  "  w7 stock=1 doh=1 in=0 sea=0 air=0 reg=0/0 sug=0/0 vos=[] rec=0 out=false low=true x=false",
  "  w8 stock=0 doh=0 in=0 sea=0 air=0 reg=0/0 sug=0/0 vos=[] rec=0 out=true low=true x=false",
  "[sbc] SKU-ZERO name=Zero Demand lead=international-default modal=sea dd=0 status=OK late=false buyBy=null",
  "  w1 stock=10 doh=null in=0 sea=0 air=0 reg=0/0 sug=0/0 vos=[] rec=0 out=false low=false x=false",
  "  w2 stock=10 doh=null in=0 sea=0 air=0 reg=0/0 sug=0/0 vos=[] rec=0 out=false low=false x=false",
  "  w3 stock=10 doh=null in=0 sea=0 air=0 reg=0/0 sug=0/0 vos=[] rec=0 out=false low=false x=false",
  "  w4 stock=10 doh=null in=0 sea=0 air=0 reg=0/0 sug=0/0 vos=[] rec=0 out=false low=false x=false",
  "  w5 stock=10 doh=null in=0 sea=0 air=0 reg=0/0 sug=0/0 vos=[] rec=0 out=false low=false x=false",
  "  w6 stock=10 doh=null in=0 sea=0 air=0 reg=0/0 sug=0/0 vos=[] rec=0 out=false low=false x=false",
  "  w7 stock=10 doh=null in=0 sea=0 air=0 reg=0/0 sug=0/0 vos=[] rec=0 out=false low=false x=false",
  "  w8 stock=10 doh=null in=0 sea=0 air=0 reg=0/0 sug=0/0 vos=[] rec=0 out=false low=false x=false",
  "scenario=sea_only dohFloor=75 criteria=doh/75",
  "weeks=1:7:2026-06-30 2:14:2026-07-07 3:21:2026-07-14 4:28:2026-07-21 5:35:2026-07-28 6:42:2026-08-04 7:49:2026-08-11 8:56:2026-08-18",
  "[global] SKU-SEALEAD name=Long Sea Lead lead=international-default modal=sea dd=10 status=REORDER late=true buyBy=1",
  "  w1 stock=30 doh=3 in=0 sea=0 air=0 reg=0/0 sug=0/0 vos=[] rec=0 out=false low=true x=false",
  "  w2 stock=0 doh=0 in=0 sea=0 air=0 reg=0/0 sug=0/0 vos=[] rec=0 out=true low=true x=false",
  "  w3 stock=0 doh=0 in=0 sea=0 air=0 reg=0/0 sug=0/0 vos=[] rec=0 out=true low=true x=false",
  "  w4 stock=0 doh=0 in=0 sea=0 air=0 reg=0/0 sug=0/0 vos=[] rec=0 out=true low=true x=false",
  "  w5 stock=0 doh=0 in=0 sea=0 air=0 reg=0/0 sug=0/0 vos=[] rec=0 out=true low=true x=false",
  "  w6 stock=0 doh=0 in=0 sea=0 air=0 reg=0/0 sug=0/0 vos=[] rec=0 out=true low=true x=false",
  "  w7 stock=0 doh=0 in=0 sea=0 air=0 reg=0/0 sug=0/0 vos=[] rec=0 out=true low=true x=false",
  "  w8 stock=0 doh=0 in=0 sea=0 air=0 reg=0/0 sug=0/0 vos=[] rec=0 out=true low=true x=false",
  "[global] SKU-REPAIR name=Repairable Part lead=international-default modal=sea dd=4 status=OK late=false buyBy=6",
  "  w1 stock=176 doh=44 in=0 sea=0 air=0 reg=0/0 sug=0/0 vos=[] rec=4 out=false low=true x=false",
  "  w2 stock=162 doh=41 in=0 sea=0 air=0 reg=0/0 sug=0/0 vos=[] rec=14 out=false low=true x=false",
  "  w3 stock=148 doh=37 in=0 sea=0 air=0 reg=0/0 sug=0/0 vos=[] rec=14 out=false low=true x=false",
  "  w4 stock=1574 doh=394 in=1440 sea=1440 air=0 reg=0/0 sug=1440/0 vos=[] rec=14 out=false low=false x=false",
  "  w5 stock=1560 doh=390 in=0 sea=0 air=0 reg=0/0 sug=0/0 vos=[] rec=14 out=false low=false x=false",
  "  w6 stock=1546 doh=387 in=0 sea=0 air=0 reg=0/0 sug=0/0 vos=[] rec=14 out=false low=false x=false",
  "  w7 stock=1532 doh=383 in=0 sea=0 air=0 reg=0/0 sug=0/0 vos=[] rec=14 out=false low=false x=false",
  "  w8 stock=1518 doh=380 in=0 sea=0 air=0 reg=0/0 sug=0/0 vos=[] rec=14 out=false low=false x=false",
  "[global] SKU-STEADY name=Steady Breacher lead=international-default modal=sea dd=5 status=OK late=false buyBy=null",
  "  w1 stock=520 doh=104 in=55 sea=40 air=15 reg=40/15 sug=0/0 vos=[VO-2,po-3] rec=0 out=false low=false x=false",
  "  w2 stock=530 doh=106 in=45 sea=20 air=25 reg=20/25 sug=0/0 vos=[VO-4,VO-10] rec=0 out=false low=false x=false",
  "  w3 stock=495 doh=99 in=0 sea=0 air=0 reg=0/0 sug=0/0 vos=[] rec=0 out=false low=false x=false",
  "  w4 stock=760 doh=152 in=300 sea=300 air=0 reg=0/0 sug=300/0 vos=[] rec=0 out=false low=false x=false",
  "  w5 stock=725 doh=145 in=0 sea=0 air=0 reg=0/0 sug=0/0 vos=[] rec=0 out=false low=false x=false",
  "  w6 stock=690 doh=138 in=0 sea=0 air=0 reg=0/0 sug=0/0 vos=[] rec=0 out=false low=false x=false",
  "  w7 stock=655 doh=131 in=0 sea=0 air=0 reg=0/0 sug=0/0 vos=[] rec=0 out=false low=false x=false",
  "  w8 stock=660 doh=132 in=40 sea=40 air=0 reg=40/0 sug=0/0 vos=[VO-5] rec=0 out=false low=false x=false",
  "[global] SKU-ZERO name=Zero Demand lead=international-default modal=sea dd=0 status=OK late=false buyBy=null",
  "  w1 stock=100 doh=null in=0 sea=0 air=0 reg=0/0 sug=0/0 vos=[] rec=0 out=false low=false x=false",
  "  w2 stock=100 doh=null in=0 sea=0 air=0 reg=0/0 sug=0/0 vos=[] rec=0 out=false low=false x=false",
  "  w3 stock=100 doh=null in=0 sea=0 air=0 reg=0/0 sug=0/0 vos=[] rec=0 out=false low=false x=false",
  "  w4 stock=100 doh=null in=0 sea=0 air=0 reg=0/0 sug=0/0 vos=[] rec=0 out=false low=false x=false",
  "  w5 stock=100 doh=null in=0 sea=0 air=0 reg=0/0 sug=0/0 vos=[] rec=0 out=false low=false x=false",
  "  w6 stock=100 doh=null in=0 sea=0 air=0 reg=0/0 sug=0/0 vos=[] rec=0 out=false low=false x=false",
  "  w7 stock=100 doh=null in=0 sea=0 air=0 reg=0/0 sug=0/0 vos=[] rec=0 out=false low=false x=false",
  "  w8 stock=100 doh=null in=0 sea=0 air=0 reg=0/0 sug=0/0 vos=[] rec=0 out=false low=false x=false",
  "[osasco] SKU-SEALEAD name=Long Sea Lead lead=international-default modal=sea dd=10 status=REORDER late=true buyBy=1",
  "  w1 stock=24 doh=3 in=0 sea=0 air=0 reg=0/0 sug=0/0 vos=[] rec=0 out=false low=true x=false",
  "  w2 stock=0 doh=0 in=0 sea=0 air=0 reg=0/0 sug=0/0 vos=[] rec=0 out=true low=true x=false",
  "  w3 stock=0 doh=0 in=0 sea=0 air=0 reg=0/0 sug=0/0 vos=[] rec=0 out=true low=true x=false",
  "  w4 stock=0 doh=0 in=0 sea=0 air=0 reg=0/0 sug=0/0 vos=[] rec=0 out=true low=true x=false",
  "  w5 stock=0 doh=0 in=0 sea=0 air=0 reg=0/0 sug=0/0 vos=[] rec=0 out=true low=true x=false",
  "  w6 stock=0 doh=0 in=0 sea=0 air=0 reg=0/0 sug=0/0 vos=[] rec=0 out=true low=true x=false",
  "  w7 stock=0 doh=0 in=0 sea=0 air=0 reg=0/0 sug=0/0 vos=[] rec=0 out=true low=true x=false",
  "  w8 stock=0 doh=0 in=0 sea=0 air=0 reg=0/0 sug=0/0 vos=[] rec=0 out=true low=true x=false",
  "[osasco] SKU-REPAIR name=Repairable Part lead=international-default modal=sea dd=4 status=OK late=false buyBy=6",
  "  w1 stock=106 doh=44 in=0 sea=0 air=0 reg=0/0 sug=0/0 vos=[] rec=2 out=false low=true x=false",
  "  w2 stock=97 doh=40 in=0 sea=0 air=0 reg=0/0 sug=0/0 vos=[] rec=8 out=false low=true x=false",
  "  w3 stock=89 doh=37 in=0 sea=0 air=0 reg=0/0 sug=0/0 vos=[] rec=8 out=false low=true x=false",
  "  w4 stock=1520 doh=633 in=1440 sea=1440 air=0 reg=0/0 sug=1440/0 vos=[] rec=8 out=false low=false x=false",
  "  w5 stock=1512 doh=630 in=0 sea=0 air=0 reg=0/0 sug=0/0 vos=[] rec=8 out=false low=false x=false",
  "  w6 stock=1504 doh=627 in=0 sea=0 air=0 reg=0/0 sug=0/0 vos=[] rec=8 out=false low=false x=false",
  "  w7 stock=1495 doh=623 in=0 sea=0 air=0 reg=0/0 sug=0/0 vos=[] rec=8 out=false low=false x=false",
  "  w8 stock=1487 doh=620 in=0 sea=0 air=0 reg=0/0 sug=0/0 vos=[] rec=8 out=false low=false x=false",
  "[osasco] SKU-STEADY name=Steady Breacher lead=international-default modal=sea dd=5 status=OK late=false buyBy=null",
  "  w1 stock=388 doh=155 in=55 sea=40 air=15 reg=40/15 sug=0/0 vos=[VO-2,po-3] rec=0 out=false low=false x=false",
  "  w2 stock=415 doh=166 in=45 sea=20 air=25 reg=20/25 sug=0/0 vos=[VO-4,VO-10] rec=0 out=false low=false x=false",
  "  w3 stock=398 doh=159 in=0 sea=0 air=0 reg=0/0 sug=0/0 vos=[] rec=0 out=false low=false x=false",
  "  w4 stock=680 doh=272 in=300 sea=300 air=0 reg=0/0 sug=300/0 vos=[] rec=0 out=false low=false x=false",
  "  w5 stock=663 doh=265 in=0 sea=0 air=0 reg=0/0 sug=0/0 vos=[] rec=0 out=false low=false x=false",
  "  w6 stock=645 doh=258 in=0 sea=0 air=0 reg=0/0 sug=0/0 vos=[] rec=0 out=false low=false x=false",
  "  w7 stock=628 doh=251 in=0 sea=0 air=0 reg=0/0 sug=0/0 vos=[] rec=0 out=false low=false x=false",
  "  w8 stock=650 doh=260 in=40 sea=40 air=0 reg=40/0 sug=0/0 vos=[VO-5] rec=0 out=false low=false x=false",
  "[osasco] SKU-ZERO name=Zero Demand lead=international-default modal=sea dd=0 status=OK late=false buyBy=null",
  "  w1 stock=80 doh=null in=0 sea=0 air=0 reg=0/0 sug=0/0 vos=[] rec=0 out=false low=false x=false",
  "  w2 stock=80 doh=null in=0 sea=0 air=0 reg=0/0 sug=0/0 vos=[] rec=0 out=false low=false x=false",
  "  w3 stock=80 doh=null in=0 sea=0 air=0 reg=0/0 sug=0/0 vos=[] rec=0 out=false low=false x=false",
  "  w4 stock=80 doh=null in=0 sea=0 air=0 reg=0/0 sug=0/0 vos=[] rec=0 out=false low=false x=false",
  "  w5 stock=80 doh=null in=0 sea=0 air=0 reg=0/0 sug=0/0 vos=[] rec=0 out=false low=false x=false",
  "  w6 stock=80 doh=null in=0 sea=0 air=0 reg=0/0 sug=0/0 vos=[] rec=0 out=false low=false x=false",
  "  w7 stock=80 doh=null in=0 sea=0 air=0 reg=0/0 sug=0/0 vos=[] rec=0 out=false low=false x=false",
  "  w8 stock=80 doh=null in=0 sea=0 air=0 reg=0/0 sug=0/0 vos=[] rec=0 out=false low=false x=false",
  "[mooca] SKU-SEALEAD name=Long Sea Lead lead=international-default modal=sea dd=10 status=REORDER late=true buyBy=1",
  "  w1 stock=6 doh=3 in=0 sea=0 air=0 reg=0/0 sug=0/0 vos=[] rec=0 out=false low=true x=false",
  "  w2 stock=0 doh=0 in=0 sea=0 air=0 reg=0/0 sug=0/0 vos=[] rec=0 out=true low=true x=false",
  "  w3 stock=0 doh=0 in=0 sea=0 air=0 reg=0/0 sug=0/0 vos=[] rec=0 out=true low=true x=false",
  "  w4 stock=0 doh=0 in=0 sea=0 air=0 reg=0/0 sug=0/0 vos=[] rec=0 out=true low=true x=false",
  "  w5 stock=0 doh=0 in=0 sea=0 air=0 reg=0/0 sug=0/0 vos=[] rec=0 out=true low=true x=false",
  "  w6 stock=0 doh=0 in=0 sea=0 air=0 reg=0/0 sug=0/0 vos=[] rec=0 out=true low=true x=false",
  "  w7 stock=0 doh=0 in=0 sea=0 air=0 reg=0/0 sug=0/0 vos=[] rec=0 out=true low=true x=false",
  "  w8 stock=0 doh=0 in=0 sea=0 air=0 reg=0/0 sug=0/0 vos=[] rec=0 out=true low=true x=false",
  "[mooca] SKU-REPAIR name=Repairable Part lead=international-default modal=sea dd=4 status=OK late=false buyBy=6",
  "  w1 stock=34 doh=43 in=0 sea=0 air=0 reg=0/0 sug=0/0 vos=[] rec=0 out=false low=true x=false",
  "  w2 stock=29 doh=36 in=0 sea=0 air=0 reg=0/0 sug=0/0 vos=[] rec=0 out=false low=true x=false",
  "  w3 stock=23 doh=29 in=0 sea=0 air=0 reg=0/0 sug=0/0 vos=[] rec=0 out=false low=true x=false",
  "  w4 stock=18 doh=23 in=0 sea=0 air=0 reg=0/0 sug=0/0 vos=[] rec=0 out=false low=true x=false",
  "  w5 stock=12 doh=15 in=0 sea=0 air=0 reg=0/0 sug=0/0 vos=[] rec=0 out=false low=true x=false",
  "  w6 stock=6 doh=8 in=0 sea=0 air=0 reg=0/0 sug=0/0 vos=[] rec=0 out=false low=true x=false",
  "  w7 stock=1 doh=1 in=0 sea=0 air=0 reg=0/0 sug=0/0 vos=[] rec=0 out=false low=true x=false",
  "  w8 stock=0 doh=0 in=0 sea=0 air=0 reg=0/0 sug=0/0 vos=[] rec=0 out=true low=true x=false",
  "[mooca] SKU-STEADY name=Steady Breacher lead=international-default modal=sea dd=5 status=OK late=false buyBy=null",
  "  w1 stock=90 doh=60 in=0 sea=0 air=0 reg=0/0 sug=0/0 vos=[] rec=0 out=false low=true x=false",
  "  w2 stock=79 doh=53 in=0 sea=0 air=0 reg=0/0 sug=0/0 vos=[] rec=0 out=false low=true x=false",
  "  w3 stock=69 doh=46 in=0 sea=0 air=0 reg=0/0 sug=0/0 vos=[] rec=0 out=false low=true x=false",
  "  w4 stock=58 doh=39 in=0 sea=0 air=0 reg=0/0 sug=0/0 vos=[] rec=0 out=false low=true x=false",
  "  w5 stock=48 doh=32 in=0 sea=0 air=0 reg=0/0 sug=0/0 vos=[] rec=0 out=false low=true x=false",
  "  w6 stock=37 doh=25 in=0 sea=0 air=0 reg=0/0 sug=0/0 vos=[] rec=0 out=false low=true x=false",
  "  w7 stock=27 doh=18 in=0 sea=0 air=0 reg=0/0 sug=0/0 vos=[] rec=0 out=false low=true x=false",
  "  w8 stock=16 doh=11 in=0 sea=0 air=0 reg=0/0 sug=0/0 vos=[] rec=0 out=false low=true x=false",
  "[mooca] SKU-ZERO name=Zero Demand lead=international-default modal=sea dd=0 status=OK late=false buyBy=null",
  "  w1 stock=10 doh=null in=0 sea=0 air=0 reg=0/0 sug=0/0 vos=[] rec=0 out=false low=false x=false",
  "  w2 stock=10 doh=null in=0 sea=0 air=0 reg=0/0 sug=0/0 vos=[] rec=0 out=false low=false x=false",
  "  w3 stock=10 doh=null in=0 sea=0 air=0 reg=0/0 sug=0/0 vos=[] rec=0 out=false low=false x=false",
  "  w4 stock=10 doh=null in=0 sea=0 air=0 reg=0/0 sug=0/0 vos=[] rec=0 out=false low=false x=false",
  "  w5 stock=10 doh=null in=0 sea=0 air=0 reg=0/0 sug=0/0 vos=[] rec=0 out=false low=false x=false",
  "  w6 stock=10 doh=null in=0 sea=0 air=0 reg=0/0 sug=0/0 vos=[] rec=0 out=false low=false x=false",
  "  w7 stock=10 doh=null in=0 sea=0 air=0 reg=0/0 sug=0/0 vos=[] rec=0 out=false low=false x=false",
  "  w8 stock=10 doh=null in=0 sea=0 air=0 reg=0/0 sug=0/0 vos=[] rec=0 out=false low=false x=false",
  "[sbc] SKU-SEALEAD name=Long Sea Lead lead=international-default modal=sea dd=10 status=REORDER late=true buyBy=1",
  "  w1 stock=0 doh=null in=0 sea=0 air=0 reg=0/0 sug=0/0 vos=[] rec=0 out=true low=false x=false",
  "  w2 stock=0 doh=null in=0 sea=0 air=0 reg=0/0 sug=0/0 vos=[] rec=0 out=true low=false x=false",
  "  w3 stock=0 doh=null in=0 sea=0 air=0 reg=0/0 sug=0/0 vos=[] rec=0 out=true low=false x=false",
  "  w4 stock=0 doh=null in=0 sea=0 air=0 reg=0/0 sug=0/0 vos=[] rec=0 out=true low=false x=false",
  "  w5 stock=0 doh=null in=0 sea=0 air=0 reg=0/0 sug=0/0 vos=[] rec=0 out=true low=false x=false",
  "  w6 stock=0 doh=null in=0 sea=0 air=0 reg=0/0 sug=0/0 vos=[] rec=0 out=true low=false x=false",
  "  w7 stock=0 doh=null in=0 sea=0 air=0 reg=0/0 sug=0/0 vos=[] rec=0 out=true low=false x=false",
  "  w8 stock=0 doh=null in=0 sea=0 air=0 reg=0/0 sug=0/0 vos=[] rec=0 out=true low=false x=false",
  "[sbc] SKU-REPAIR name=Repairable Part lead=international-default modal=sea dd=4 status=OK late=false buyBy=6",
  "  w1 stock=34 doh=43 in=0 sea=0 air=0 reg=0/0 sug=0/0 vos=[] rec=0 out=false low=true x=false",
  "  w2 stock=29 doh=36 in=0 sea=0 air=0 reg=0/0 sug=0/0 vos=[] rec=0 out=false low=true x=false",
  "  w3 stock=23 doh=29 in=0 sea=0 air=0 reg=0/0 sug=0/0 vos=[] rec=0 out=false low=true x=false",
  "  w4 stock=18 doh=23 in=0 sea=0 air=0 reg=0/0 sug=0/0 vos=[] rec=0 out=false low=true x=false",
  "  w5 stock=12 doh=15 in=0 sea=0 air=0 reg=0/0 sug=0/0 vos=[] rec=0 out=false low=true x=false",
  "  w6 stock=6 doh=8 in=0 sea=0 air=0 reg=0/0 sug=0/0 vos=[] rec=0 out=false low=true x=false",
  "  w7 stock=1 doh=1 in=0 sea=0 air=0 reg=0/0 sug=0/0 vos=[] rec=0 out=false low=true x=false",
  "  w8 stock=0 doh=0 in=0 sea=0 air=0 reg=0/0 sug=0/0 vos=[] rec=0 out=true low=true x=false",
  "[sbc] SKU-STEADY name=Steady Breacher lead=international-default modal=sea dd=5 status=OK late=false buyBy=null",
  "  w1 stock=43 doh=43 in=0 sea=0 air=0 reg=0/0 sug=0/0 vos=[] rec=0 out=false low=true x=false",
  "  w2 stock=36 doh=36 in=0 sea=0 air=0 reg=0/0 sug=0/0 vos=[] rec=0 out=false low=true x=false",
  "  w3 stock=29 doh=29 in=0 sea=0 air=0 reg=0/0 sug=0/0 vos=[] rec=0 out=false low=true x=false",
  "  w4 stock=22 doh=22 in=0 sea=0 air=0 reg=0/0 sug=0/0 vos=[] rec=0 out=false low=true x=false",
  "  w5 stock=15 doh=15 in=0 sea=0 air=0 reg=0/0 sug=0/0 vos=[] rec=0 out=false low=true x=false",
  "  w6 stock=8 doh=8 in=0 sea=0 air=0 reg=0/0 sug=0/0 vos=[] rec=0 out=false low=true x=false",
  "  w7 stock=1 doh=1 in=0 sea=0 air=0 reg=0/0 sug=0/0 vos=[] rec=0 out=false low=true x=false",
  "  w8 stock=0 doh=0 in=0 sea=0 air=0 reg=0/0 sug=0/0 vos=[] rec=0 out=true low=true x=false",
  "[sbc] SKU-ZERO name=Zero Demand lead=international-default modal=sea dd=0 status=OK late=false buyBy=null",
  "  w1 stock=10 doh=null in=0 sea=0 air=0 reg=0/0 sug=0/0 vos=[] rec=0 out=false low=false x=false",
  "  w2 stock=10 doh=null in=0 sea=0 air=0 reg=0/0 sug=0/0 vos=[] rec=0 out=false low=false x=false",
  "  w3 stock=10 doh=null in=0 sea=0 air=0 reg=0/0 sug=0/0 vos=[] rec=0 out=false low=false x=false",
  "  w4 stock=10 doh=null in=0 sea=0 air=0 reg=0/0 sug=0/0 vos=[] rec=0 out=false low=false x=false",
  "  w5 stock=10 doh=null in=0 sea=0 air=0 reg=0/0 sug=0/0 vos=[] rec=0 out=false low=false x=false",
  "  w6 stock=10 doh=null in=0 sea=0 air=0 reg=0/0 sug=0/0 vos=[] rec=0 out=false low=false x=false",
  "  w7 stock=10 doh=null in=0 sea=0 air=0 reg=0/0 sug=0/0 vos=[] rec=0 out=false low=false x=false",
  "  w8 stock=10 doh=null in=0 sea=0 air=0 reg=0/0 sug=0/0 vos=[] rec=0 out=false low=false x=false",
  "scenario=complete dohFloor=75 criteria=doh/75",
  "weeks=1:7:2026-06-30 2:14:2026-07-07 3:21:2026-07-14 4:28:2026-07-21 5:35:2026-07-28 6:42:2026-08-04 7:49:2026-08-11 8:56:2026-08-18",
  "[global] SKU-SEALEAD name=Long Sea Lead lead=international-default modal=sea dd=10 status=REORDER late=true buyBy=1",
  "  w1 stock=30 doh=3 in=0 sea=0 air=0 reg=0/0 sug=0/0 vos=[] rec=0 out=false low=true x=false",
  "  w2 stock=0 doh=0 in=0 sea=0 air=0 reg=0/0 sug=0/0 vos=[] rec=0 out=true low=true x=false",
  "  w3 stock=0 doh=0 in=0 sea=0 air=0 reg=0/0 sug=0/0 vos=[] rec=0 out=true low=true x=false",
  "  w4 stock=0 doh=0 in=0 sea=0 air=0 reg=0/0 sug=0/0 vos=[] rec=0 out=true low=true x=false",
  "  w5 stock=0 doh=0 in=0 sea=0 air=0 reg=0/0 sug=0/0 vos=[] rec=0 out=true low=true x=false",
  "  w6 stock=1770 doh=177 in=1800 sea=0 air=1800 reg=0/0 sug=0/1800 vos=[] rec=0 out=false low=false x=false",
  "  w7 stock=1700 doh=170 in=0 sea=0 air=0 reg=0/0 sug=0/0 vos=[] rec=0 out=false low=false x=false",
  "  w8 stock=1630 doh=163 in=0 sea=0 air=0 reg=0/0 sug=0/0 vos=[] rec=0 out=false low=false x=false",
  "[global] SKU-REPAIR name=Repairable Part lead=international-default modal=sea dd=4 status=OK late=false buyBy=6",
  "  w1 stock=1616 doh=404 in=1440 sea=0 air=1440 reg=0/0 sug=0/1440 vos=[] rec=4 out=false low=false x=false",
  "  w2 stock=1602 doh=401 in=0 sea=0 air=0 reg=0/0 sug=0/0 vos=[] rec=14 out=false low=false x=false",
  "  w3 stock=1588 doh=397 in=0 sea=0 air=0 reg=0/0 sug=0/0 vos=[] rec=14 out=false low=false x=false",
  "  w4 stock=1574 doh=394 in=0 sea=0 air=0 reg=0/0 sug=0/0 vos=[] rec=14 out=false low=false x=false",
  "  w5 stock=1560 doh=390 in=0 sea=0 air=0 reg=0/0 sug=0/0 vos=[] rec=14 out=false low=false x=false",
  "  w6 stock=1546 doh=387 in=0 sea=0 air=0 reg=0/0 sug=0/0 vos=[] rec=14 out=false low=false x=false",
  "  w7 stock=1532 doh=383 in=0 sea=0 air=0 reg=0/0 sug=0/0 vos=[] rec=14 out=false low=false x=false",
  "  w8 stock=1518 doh=380 in=0 sea=0 air=0 reg=0/0 sug=0/0 vos=[] rec=14 out=false low=false x=false",
  "[global] SKU-STEADY name=Steady Breacher lead=international-default modal=sea dd=5 status=OK late=false buyBy=null",
  "  w1 stock=520 doh=104 in=55 sea=40 air=15 reg=40/15 sug=0/0 vos=[VO-2,po-3] rec=0 out=false low=false x=false",
  "  w2 stock=530 doh=106 in=45 sea=20 air=25 reg=20/25 sug=0/0 vos=[VO-4,VO-10] rec=0 out=false low=false x=false",
  "  w3 stock=495 doh=99 in=0 sea=0 air=0 reg=0/0 sug=0/0 vos=[] rec=0 out=false low=false x=false",
  "  w4 stock=760 doh=152 in=300 sea=300 air=0 reg=0/0 sug=300/0 vos=[] rec=0 out=false low=false x=false",
  "  w5 stock=725 doh=145 in=0 sea=0 air=0 reg=0/0 sug=0/0 vos=[] rec=0 out=false low=false x=false",
  "  w6 stock=690 doh=138 in=0 sea=0 air=0 reg=0/0 sug=0/0 vos=[] rec=0 out=false low=false x=false",
  "  w7 stock=655 doh=131 in=0 sea=0 air=0 reg=0/0 sug=0/0 vos=[] rec=0 out=false low=false x=false",
  "  w8 stock=660 doh=132 in=40 sea=40 air=0 reg=40/0 sug=0/0 vos=[VO-5] rec=0 out=false low=false x=false",
  "[global] SKU-ZERO name=Zero Demand lead=international-default modal=sea dd=0 status=OK late=false buyBy=null",
  "  w1 stock=100 doh=null in=0 sea=0 air=0 reg=0/0 sug=0/0 vos=[] rec=0 out=false low=false x=false",
  "  w2 stock=100 doh=null in=0 sea=0 air=0 reg=0/0 sug=0/0 vos=[] rec=0 out=false low=false x=false",
  "  w3 stock=100 doh=null in=0 sea=0 air=0 reg=0/0 sug=0/0 vos=[] rec=0 out=false low=false x=false",
  "  w4 stock=100 doh=null in=0 sea=0 air=0 reg=0/0 sug=0/0 vos=[] rec=0 out=false low=false x=false",
  "  w5 stock=100 doh=null in=0 sea=0 air=0 reg=0/0 sug=0/0 vos=[] rec=0 out=false low=false x=false",
  "  w6 stock=100 doh=null in=0 sea=0 air=0 reg=0/0 sug=0/0 vos=[] rec=0 out=false low=false x=false",
  "  w7 stock=100 doh=null in=0 sea=0 air=0 reg=0/0 sug=0/0 vos=[] rec=0 out=false low=false x=false",
  "  w8 stock=100 doh=null in=0 sea=0 air=0 reg=0/0 sug=0/0 vos=[] rec=0 out=false low=false x=false",
  "[osasco] SKU-SEALEAD name=Long Sea Lead lead=international-default modal=sea dd=10 status=REORDER late=true buyBy=1",
  "  w1 stock=24 doh=3 in=0 sea=0 air=0 reg=0/0 sug=0/0 vos=[] rec=0 out=false low=true x=false",
  "  w2 stock=0 doh=0 in=0 sea=0 air=0 reg=0/0 sug=0/0 vos=[] rec=0 out=true low=true x=false",
  "  w3 stock=0 doh=0 in=0 sea=0 air=0 reg=0/0 sug=0/0 vos=[] rec=0 out=true low=true x=false",
  "  w4 stock=0 doh=0 in=0 sea=0 air=0 reg=0/0 sug=0/0 vos=[] rec=0 out=true low=true x=false",
  "  w5 stock=0 doh=0 in=0 sea=0 air=0 reg=0/0 sug=0/0 vos=[] rec=0 out=true low=true x=false",
  "  w6 stock=1776 doh=222 in=1800 sea=0 air=1800 reg=0/0 sug=0/1800 vos=[] rec=0 out=false low=false x=false",
  "  w7 stock=1720 doh=215 in=0 sea=0 air=0 reg=0/0 sug=0/0 vos=[] rec=0 out=false low=false x=false",
  "  w8 stock=1664 doh=208 in=0 sea=0 air=0 reg=0/0 sug=0/0 vos=[] rec=0 out=false low=false x=false",
  "[osasco] SKU-REPAIR name=Repairable Part lead=international-default modal=sea dd=4 status=OK late=false buyBy=6",
  "  w1 stock=1546 doh=644 in=1440 sea=0 air=1440 reg=0/0 sug=0/1440 vos=[] rec=2 out=false low=false x=false",
  "  w2 stock=1537 doh=640 in=0 sea=0 air=0 reg=0/0 sug=0/0 vos=[] rec=8 out=false low=false x=false",
  "  w3 stock=1529 doh=637 in=0 sea=0 air=0 reg=0/0 sug=0/0 vos=[] rec=8 out=false low=false x=false",
  "  w4 stock=1520 doh=633 in=0 sea=0 air=0 reg=0/0 sug=0/0 vos=[] rec=8 out=false low=false x=false",
  "  w5 stock=1512 doh=630 in=0 sea=0 air=0 reg=0/0 sug=0/0 vos=[] rec=8 out=false low=false x=false",
  "  w6 stock=1504 doh=627 in=0 sea=0 air=0 reg=0/0 sug=0/0 vos=[] rec=8 out=false low=false x=false",
  "  w7 stock=1495 doh=623 in=0 sea=0 air=0 reg=0/0 sug=0/0 vos=[] rec=8 out=false low=false x=false",
  "  w8 stock=1487 doh=620 in=0 sea=0 air=0 reg=0/0 sug=0/0 vos=[] rec=8 out=false low=false x=false",
  "[osasco] SKU-STEADY name=Steady Breacher lead=international-default modal=sea dd=5 status=OK late=false buyBy=null",
  "  w1 stock=388 doh=155 in=55 sea=40 air=15 reg=40/15 sug=0/0 vos=[VO-2,po-3] rec=0 out=false low=false x=false",
  "  w2 stock=415 doh=166 in=45 sea=20 air=25 reg=20/25 sug=0/0 vos=[VO-4,VO-10] rec=0 out=false low=false x=false",
  "  w3 stock=398 doh=159 in=0 sea=0 air=0 reg=0/0 sug=0/0 vos=[] rec=0 out=false low=false x=false",
  "  w4 stock=680 doh=272 in=300 sea=300 air=0 reg=0/0 sug=300/0 vos=[] rec=0 out=false low=false x=false",
  "  w5 stock=663 doh=265 in=0 sea=0 air=0 reg=0/0 sug=0/0 vos=[] rec=0 out=false low=false x=false",
  "  w6 stock=645 doh=258 in=0 sea=0 air=0 reg=0/0 sug=0/0 vos=[] rec=0 out=false low=false x=false",
  "  w7 stock=628 doh=251 in=0 sea=0 air=0 reg=0/0 sug=0/0 vos=[] rec=0 out=false low=false x=false",
  "  w8 stock=650 doh=260 in=40 sea=40 air=0 reg=40/0 sug=0/0 vos=[VO-5] rec=0 out=false low=false x=false",
  "[osasco] SKU-ZERO name=Zero Demand lead=international-default modal=sea dd=0 status=OK late=false buyBy=null",
  "  w1 stock=80 doh=null in=0 sea=0 air=0 reg=0/0 sug=0/0 vos=[] rec=0 out=false low=false x=false",
  "  w2 stock=80 doh=null in=0 sea=0 air=0 reg=0/0 sug=0/0 vos=[] rec=0 out=false low=false x=false",
  "  w3 stock=80 doh=null in=0 sea=0 air=0 reg=0/0 sug=0/0 vos=[] rec=0 out=false low=false x=false",
  "  w4 stock=80 doh=null in=0 sea=0 air=0 reg=0/0 sug=0/0 vos=[] rec=0 out=false low=false x=false",
  "  w5 stock=80 doh=null in=0 sea=0 air=0 reg=0/0 sug=0/0 vos=[] rec=0 out=false low=false x=false",
  "  w6 stock=80 doh=null in=0 sea=0 air=0 reg=0/0 sug=0/0 vos=[] rec=0 out=false low=false x=false",
  "  w7 stock=80 doh=null in=0 sea=0 air=0 reg=0/0 sug=0/0 vos=[] rec=0 out=false low=false x=false",
  "  w8 stock=80 doh=null in=0 sea=0 air=0 reg=0/0 sug=0/0 vos=[] rec=0 out=false low=false x=false",
  "[mooca] SKU-SEALEAD name=Long Sea Lead lead=international-default modal=sea dd=10 status=REORDER late=true buyBy=1",
  "  w1 stock=6 doh=3 in=0 sea=0 air=0 reg=0/0 sug=0/0 vos=[] rec=0 out=false low=true x=false",
  "  w2 stock=0 doh=0 in=0 sea=0 air=0 reg=0/0 sug=0/0 vos=[] rec=0 out=true low=true x=false",
  "  w3 stock=0 doh=0 in=0 sea=0 air=0 reg=0/0 sug=0/0 vos=[] rec=0 out=true low=true x=false",
  "  w4 stock=0 doh=0 in=0 sea=0 air=0 reg=0/0 sug=0/0 vos=[] rec=0 out=true low=true x=false",
  "  w5 stock=0 doh=0 in=0 sea=0 air=0 reg=0/0 sug=0/0 vos=[] rec=0 out=true low=true x=false",
  "  w6 stock=0 doh=0 in=0 sea=0 air=0 reg=0/0 sug=0/0 vos=[] rec=0 out=true low=true x=false",
  "  w7 stock=0 doh=0 in=0 sea=0 air=0 reg=0/0 sug=0/0 vos=[] rec=0 out=true low=true x=false",
  "  w8 stock=0 doh=0 in=0 sea=0 air=0 reg=0/0 sug=0/0 vos=[] rec=0 out=true low=true x=false",
  "[mooca] SKU-REPAIR name=Repairable Part lead=international-default modal=sea dd=4 status=OK late=false buyBy=6",
  "  w1 stock=34 doh=43 in=0 sea=0 air=0 reg=0/0 sug=0/0 vos=[] rec=0 out=false low=true x=false",
  "  w2 stock=29 doh=36 in=0 sea=0 air=0 reg=0/0 sug=0/0 vos=[] rec=0 out=false low=true x=false",
  "  w3 stock=23 doh=29 in=0 sea=0 air=0 reg=0/0 sug=0/0 vos=[] rec=0 out=false low=true x=false",
  "  w4 stock=18 doh=23 in=0 sea=0 air=0 reg=0/0 sug=0/0 vos=[] rec=0 out=false low=true x=false",
  "  w5 stock=12 doh=15 in=0 sea=0 air=0 reg=0/0 sug=0/0 vos=[] rec=0 out=false low=true x=false",
  "  w6 stock=6 doh=8 in=0 sea=0 air=0 reg=0/0 sug=0/0 vos=[] rec=0 out=false low=true x=false",
  "  w7 stock=1 doh=1 in=0 sea=0 air=0 reg=0/0 sug=0/0 vos=[] rec=0 out=false low=true x=false",
  "  w8 stock=0 doh=0 in=0 sea=0 air=0 reg=0/0 sug=0/0 vos=[] rec=0 out=true low=true x=false",
  "[mooca] SKU-STEADY name=Steady Breacher lead=international-default modal=sea dd=5 status=OK late=false buyBy=null",
  "  w1 stock=90 doh=60 in=0 sea=0 air=0 reg=0/0 sug=0/0 vos=[] rec=0 out=false low=true x=false",
  "  w2 stock=79 doh=53 in=0 sea=0 air=0 reg=0/0 sug=0/0 vos=[] rec=0 out=false low=true x=false",
  "  w3 stock=69 doh=46 in=0 sea=0 air=0 reg=0/0 sug=0/0 vos=[] rec=0 out=false low=true x=false",
  "  w4 stock=58 doh=39 in=0 sea=0 air=0 reg=0/0 sug=0/0 vos=[] rec=0 out=false low=true x=false",
  "  w5 stock=48 doh=32 in=0 sea=0 air=0 reg=0/0 sug=0/0 vos=[] rec=0 out=false low=true x=false",
  "  w6 stock=37 doh=25 in=0 sea=0 air=0 reg=0/0 sug=0/0 vos=[] rec=0 out=false low=true x=false",
  "  w7 stock=27 doh=18 in=0 sea=0 air=0 reg=0/0 sug=0/0 vos=[] rec=0 out=false low=true x=false",
  "  w8 stock=16 doh=11 in=0 sea=0 air=0 reg=0/0 sug=0/0 vos=[] rec=0 out=false low=true x=false",
  "[mooca] SKU-ZERO name=Zero Demand lead=international-default modal=sea dd=0 status=OK late=false buyBy=null",
  "  w1 stock=10 doh=null in=0 sea=0 air=0 reg=0/0 sug=0/0 vos=[] rec=0 out=false low=false x=false",
  "  w2 stock=10 doh=null in=0 sea=0 air=0 reg=0/0 sug=0/0 vos=[] rec=0 out=false low=false x=false",
  "  w3 stock=10 doh=null in=0 sea=0 air=0 reg=0/0 sug=0/0 vos=[] rec=0 out=false low=false x=false",
  "  w4 stock=10 doh=null in=0 sea=0 air=0 reg=0/0 sug=0/0 vos=[] rec=0 out=false low=false x=false",
  "  w5 stock=10 doh=null in=0 sea=0 air=0 reg=0/0 sug=0/0 vos=[] rec=0 out=false low=false x=false",
  "  w6 stock=10 doh=null in=0 sea=0 air=0 reg=0/0 sug=0/0 vos=[] rec=0 out=false low=false x=false",
  "  w7 stock=10 doh=null in=0 sea=0 air=0 reg=0/0 sug=0/0 vos=[] rec=0 out=false low=false x=false",
  "  w8 stock=10 doh=null in=0 sea=0 air=0 reg=0/0 sug=0/0 vos=[] rec=0 out=false low=false x=false",
  "[sbc] SKU-SEALEAD name=Long Sea Lead lead=international-default modal=sea dd=10 status=REORDER late=true buyBy=1",
  "  w1 stock=0 doh=null in=0 sea=0 air=0 reg=0/0 sug=0/0 vos=[] rec=0 out=true low=false x=false",
  "  w2 stock=0 doh=null in=0 sea=0 air=0 reg=0/0 sug=0/0 vos=[] rec=0 out=true low=false x=false",
  "  w3 stock=0 doh=null in=0 sea=0 air=0 reg=0/0 sug=0/0 vos=[] rec=0 out=true low=false x=false",
  "  w4 stock=0 doh=null in=0 sea=0 air=0 reg=0/0 sug=0/0 vos=[] rec=0 out=true low=false x=false",
  "  w5 stock=0 doh=null in=0 sea=0 air=0 reg=0/0 sug=0/0 vos=[] rec=0 out=true low=false x=false",
  "  w6 stock=0 doh=null in=0 sea=0 air=0 reg=0/0 sug=0/0 vos=[] rec=0 out=true low=false x=false",
  "  w7 stock=0 doh=null in=0 sea=0 air=0 reg=0/0 sug=0/0 vos=[] rec=0 out=true low=false x=false",
  "  w8 stock=0 doh=null in=0 sea=0 air=0 reg=0/0 sug=0/0 vos=[] rec=0 out=true low=false x=false",
  "[sbc] SKU-REPAIR name=Repairable Part lead=international-default modal=sea dd=4 status=OK late=false buyBy=6",
  "  w1 stock=34 doh=43 in=0 sea=0 air=0 reg=0/0 sug=0/0 vos=[] rec=0 out=false low=true x=false",
  "  w2 stock=29 doh=36 in=0 sea=0 air=0 reg=0/0 sug=0/0 vos=[] rec=0 out=false low=true x=false",
  "  w3 stock=23 doh=29 in=0 sea=0 air=0 reg=0/0 sug=0/0 vos=[] rec=0 out=false low=true x=false",
  "  w4 stock=18 doh=23 in=0 sea=0 air=0 reg=0/0 sug=0/0 vos=[] rec=0 out=false low=true x=false",
  "  w5 stock=12 doh=15 in=0 sea=0 air=0 reg=0/0 sug=0/0 vos=[] rec=0 out=false low=true x=false",
  "  w6 stock=6 doh=8 in=0 sea=0 air=0 reg=0/0 sug=0/0 vos=[] rec=0 out=false low=true x=false",
  "  w7 stock=1 doh=1 in=0 sea=0 air=0 reg=0/0 sug=0/0 vos=[] rec=0 out=false low=true x=false",
  "  w8 stock=0 doh=0 in=0 sea=0 air=0 reg=0/0 sug=0/0 vos=[] rec=0 out=true low=true x=false",
  "[sbc] SKU-STEADY name=Steady Breacher lead=international-default modal=sea dd=5 status=OK late=false buyBy=null",
  "  w1 stock=43 doh=43 in=0 sea=0 air=0 reg=0/0 sug=0/0 vos=[] rec=0 out=false low=true x=false",
  "  w2 stock=36 doh=36 in=0 sea=0 air=0 reg=0/0 sug=0/0 vos=[] rec=0 out=false low=true x=false",
  "  w3 stock=29 doh=29 in=0 sea=0 air=0 reg=0/0 sug=0/0 vos=[] rec=0 out=false low=true x=false",
  "  w4 stock=22 doh=22 in=0 sea=0 air=0 reg=0/0 sug=0/0 vos=[] rec=0 out=false low=true x=false",
  "  w5 stock=15 doh=15 in=0 sea=0 air=0 reg=0/0 sug=0/0 vos=[] rec=0 out=false low=true x=false",
  "  w6 stock=8 doh=8 in=0 sea=0 air=0 reg=0/0 sug=0/0 vos=[] rec=0 out=false low=true x=false",
  "  w7 stock=1 doh=1 in=0 sea=0 air=0 reg=0/0 sug=0/0 vos=[] rec=0 out=false low=true x=false",
  "  w8 stock=0 doh=0 in=0 sea=0 air=0 reg=0/0 sug=0/0 vos=[] rec=0 out=true low=true x=false",
  "[sbc] SKU-ZERO name=Zero Demand lead=international-default modal=sea dd=0 status=OK late=false buyBy=null",
  "  w1 stock=10 doh=null in=0 sea=0 air=0 reg=0/0 sug=0/0 vos=[] rec=0 out=false low=false x=false",
  "  w2 stock=10 doh=null in=0 sea=0 air=0 reg=0/0 sug=0/0 vos=[] rec=0 out=false low=false x=false",
  "  w3 stock=10 doh=null in=0 sea=0 air=0 reg=0/0 sug=0/0 vos=[] rec=0 out=false low=false x=false",
  "  w4 stock=10 doh=null in=0 sea=0 air=0 reg=0/0 sug=0/0 vos=[] rec=0 out=false low=false x=false",
  "  w5 stock=10 doh=null in=0 sea=0 air=0 reg=0/0 sug=0/0 vos=[] rec=0 out=false low=false x=false",
  "  w6 stock=10 doh=null in=0 sea=0 air=0 reg=0/0 sug=0/0 vos=[] rec=0 out=false low=false x=false",
  "  w7 stock=10 doh=null in=0 sea=0 air=0 reg=0/0 sug=0/0 vos=[] rec=0 out=false low=false x=false",
  "  w8 stock=10 doh=null in=0 sea=0 air=0 reg=0/0 sug=0/0 vos=[] rec=0 out=false low=false x=false",
]
`;

exports[`buildAllScenarioGrids — characterization (regression gate) > doh criteria, 20 weeks — digest 1`] = `"78866188ab90aeff7be83d3fd49db9706ec594d16e4d5df8e033fdf679444d37"`;

exports[`buildAllScenarioGrids — characterization (regression gate) > rop criteria, 8 weeks — digest 1`] = `"b83d18ee928b9ab5e549b90cfeb7bbc8fc5dc13598fe1f07d2d2dd4c7f931694"`;

exports[`buildAllScenarioGrids — characterization (regression gate) > rop criteria, 20 weeks — digest 1`] = `"54bab1711e4f83148c11eac2931dc8d0b80aeba3a080741246f3e62b511c000f"`;
