// Vitest Snapshot v1, https://vitest.dev/guide/snapshot.html

exports[`buildAllScenarioGrids — characterization (regression gate) > doh criteria, 8 weeks — full snapshot 1`] = `
[
  "scenarios=baseline(baseline)|Aéreo(modal)|Courier(modal)|Marítimo(modal)|combined(combined)",
  "scenario=baseline dohFloor=75 criteria=doh/75",
  "weeks=0:0:2026-06-23 1:7:2026-06-30 2:14:2026-07-07 3:21:2026-07-14 4:28:2026-07-21 5:35:2026-07-28 6:42:2026-08-04 7:49:2026-08-11 8:56:2026-08-18",
  "[global] SKU-SEALEAD name=Long Sea Lead lead=international-default modal=sea dd=10 status=REORDER late=true buyBy=0",
  "  w1 stock=100 doh=10 in=0 arr=[] vos=[] rec=0 nat=0 out=false low=true x=false",
  "  w2 stock=30 doh=3 in=0 arr=[] vos=[] rec=0 nat=0 out=false low=true x=false",
  "  w3 stock=0 doh=0 in=0 arr=[] vos=[] rec=0 nat=0 out=true low=true x=false",
  "  w4 stock=0 doh=0 in=0 arr=[] vos=[] rec=0 nat=0 out=true low=true x=false",
  "  w5 stock=0 doh=0 in=0 arr=[] vos=[] rec=0 nat=0 out=true low=true x=false",
  "  w6 stock=0 doh=0 in=0 arr=[] vos=[] rec=0 nat=0 out=true low=true x=false",
  "  w7 stock=0 doh=0 in=0 arr=[] vos=[] rec=0 nat=0 out=true low=true x=false",
  "  w8 stock=0 doh=0 in=0 arr=[] vos=[] rec=0 nat=0 out=true low=true x=false",
  "  w9 stock=0 doh=0 in=0 arr=[] vos=[] rec=0 nat=0 out=true low=true x=false",
  "[global] SKU-REPAIR name=Repairable Part lead=international-default modal=sea dd=4 status=OK late=false buyBy=6",
  "  w1 stock=200 doh=50 in=0 arr=[] vos=[] rec=0 nat=0 out=false low=true x=false",
  "  w2 stock=176 doh=44 in=0 arr=[] vos=[] rec=4 nat=0 out=false low=true x=false",
  "  w3 stock=162 doh=41 in=0 arr=[] vos=[] rec=14 nat=0 out=false low=true x=false",
  "  w4 stock=148 doh=37 in=0 arr=[] vos=[] rec=14 nat=0 out=false low=true x=false",
  "  w5 stock=134 doh=34 in=0 arr=[] vos=[] rec=14 nat=0 out=false low=true x=false",
  "  w6 stock=120 doh=30 in=0 arr=[] vos=[] rec=14 nat=0 out=false low=true x=false",
  "  w7 stock=106 doh=27 in=0 arr=[] vos=[] rec=14 nat=0 out=false low=true x=false",
  "  w8 stock=92 doh=23 in=0 arr=[] vos=[] rec=14 nat=0 out=false low=true x=false",
  "  w9 stock=78 doh=20 in=0 arr=[] vos=[] rec=14 nat=0 out=false low=true x=false",
  "[global] SKU-STEADY name=Steady Breacher lead=international-default modal=sea dd=5 status=OK late=false buyBy=null",
  "  w1 stock=500 doh=100 in=50 arr=[Marítimo:50/0] vos=[VO-1,VO-7] rec=0 nat=0 out=false low=false x=false",
  "  w2 stock=520 doh=104 in=55 arr=[Aéreo:15/0,Marítimo:40/0] vos=[VO-2,po-3] rec=0 nat=0 out=false low=false x=false",
  "  w3 stock=530 doh=106 in=45 arr=[Aéreo:25/0,Marítimo:20/0] vos=[VO-4,VO-10] rec=0 nat=0 out=false low=false x=false",
  "  w4 stock=495 doh=99 in=0 arr=[] vos=[] rec=0 nat=0 out=false low=false x=false",
  "  w5 stock=460 doh=92 in=0 arr=[] vos=[] rec=0 nat=0 out=false low=false x=false",
  "  w6 stock=425 doh=85 in=0 arr=[] vos=[] rec=0 nat=0 out=false low=false x=false",
  "  w7 stock=390 doh=78 in=0 arr=[] vos=[] rec=0 nat=0 out=false low=false x=false",
  "  w8 stock=355 doh=71 in=0 arr=[] vos=[] rec=0 nat=0 out=false low=true x=false",
  "  w9 stock=360 doh=72 in=40 arr=[Marítimo:40/0] vos=[VO-5] rec=0 nat=0 out=false low=true x=false",
  "[global] SKU-ZERO name=Zero Demand lead=international-default modal=sea dd=0 status=OK late=false buyBy=null",
  "  w1 stock=100 doh=null in=0 arr=[] vos=[] rec=0 nat=0 out=false low=false x=false",
  "  w2 stock=100 doh=null in=0 arr=[] vos=[] rec=0 nat=0 out=false low=false x=false",
  "  w3 stock=100 doh=null in=0 arr=[] vos=[] rec=0 nat=0 out=false low=false x=false",
  "  w4 stock=100 doh=null in=0 arr=[] vos=[] rec=0 nat=0 out=false low=false x=false",
  "  w5 stock=100 doh=null in=0 arr=[] vos=[] rec=0 nat=0 out=false low=false x=false",
  "  w6 stock=100 doh=null in=0 arr=[] vos=[] rec=0 nat=0 out=false low=false x=false",
  "  w7 stock=100 doh=null in=0 arr=[] vos=[] rec=0 nat=0 out=false low=false x=false",
  "  w8 stock=100 doh=null in=0 arr=[] vos=[] rec=0 nat=0 out=false low=false x=false",
  "  w9 stock=100 doh=null in=0 arr=[] vos=[] rec=0 nat=0 out=false low=false x=false",
  "[osasco] SKU-SEALEAD name=Long Sea Lead lead=international-default modal=sea dd=10 status=REORDER late=true buyBy=0",
  "  w1 stock=80 doh=10 in=0 arr=[] vos=[] rec=0 nat=0 out=false low=true x=false",
  "  w2 stock=24 doh=3 in=0 arr=[] vos=[] rec=0 nat=0 out=false low=true x=false",
  "  w3 stock=0 doh=0 in=0 arr=[] vos=[] rec=0 nat=0 out=true low=true x=false",
  "  w4 stock=0 doh=0 in=0 arr=[] vos=[] rec=0 nat=0 out=true low=true x=false",
  "  w5 stock=0 doh=0 in=0 arr=[] vos=[] rec=0 nat=0 out=true low=true x=false",
  "  w6 stock=0 doh=0 in=0 arr=[] vos=[] rec=0 nat=0 out=true low=true x=false",
  "  w7 stock=0 doh=0 in=0 arr=[] vos=[] rec=0 nat=0 out=true low=true x=false",
  "  w8 stock=0 doh=0 in=0 arr=[] vos=[] rec=0 nat=0 out=true low=true x=false",
  "  w9 stock=0 doh=0 in=0 arr=[] vos=[] rec=0 nat=0 out=true low=true x=false",
  "[osasco] SKU-REPAIR name=Repairable Part lead=international-default modal=sea dd=4 status=OK late=false buyBy=6",
  "  w1 stock=120 doh=50 in=0 arr=[] vos=[] rec=0 nat=0 out=false low=true x=false",
  "  w2 stock=106 doh=44 in=0 arr=[] vos=[] rec=2 nat=0 out=false low=true x=false",
  "  w3 stock=97 doh=40 in=0 arr=[] vos=[] rec=8 nat=0 out=false low=true x=false",
  "  w4 stock=89 doh=37 in=0 arr=[] vos=[] rec=8 nat=0 out=false low=true x=false",
  "  w5 stock=80 doh=33 in=0 arr=[] vos=[] rec=8 nat=0 out=false low=true x=false",
  "  w6 stock=72 doh=30 in=0 arr=[] vos=[] rec=8 nat=0 out=false low=true x=false",
  "  w7 stock=64 doh=27 in=0 arr=[] vos=[] rec=8 nat=0 out=false low=true x=false",
  "  w8 stock=55 doh=23 in=0 arr=[] vos=[] rec=8 nat=0 out=false low=true x=false",
  "  w9 stock=47 doh=20 in=0 arr=[] vos=[] rec=8 nat=0 out=false low=true x=false",
  "[osasco] SKU-STEADY name=Steady Breacher lead=international-default modal=sea dd=5 status=OK late=false buyBy=null",
  "  w1 stock=350 doh=140 in=50 arr=[Marítimo:50/0] vos=[VO-1,VO-7] rec=0 nat=0 out=false low=false x=false",
  "  w2 stock=388 doh=155 in=55 arr=[Aéreo:15/0,Marítimo:40/0] vos=[VO-2,po-3] rec=0 nat=0 out=false low=false x=false",
  "  w3 stock=415 doh=166 in=45 arr=[Aéreo:25/0,Marítimo:20/0] vos=[VO-4,VO-10] rec=0 nat=0 out=false low=false x=false",
  "  w4 stock=398 doh=159 in=0 arr=[] vos=[] rec=0 nat=0 out=false low=false x=false",
  "  w5 stock=380 doh=152 in=0 arr=[] vos=[] rec=0 nat=0 out=false low=false x=false",
  "  w6 stock=363 doh=145 in=0 arr=[] vos=[] rec=0 nat=0 out=false low=false x=false",
  "  w7 stock=345 doh=138 in=0 arr=[] vos=[] rec=0 nat=0 out=false low=false x=false",
  "  w8 stock=328 doh=131 in=0 arr=[] vos=[] rec=0 nat=0 out=false low=false x=false",
  "  w9 stock=350 doh=140 in=40 arr=[Marítimo:40/0] vos=[VO-5] rec=0 nat=0 out=false low=false x=false",
  "[osasco] SKU-ZERO name=Zero Demand lead=international-default modal=sea dd=0 status=OK late=false buyBy=null",
  "  w1 stock=80 doh=null in=0 arr=[] vos=[] rec=0 nat=0 out=false low=false x=false",
  "  w2 stock=80 doh=null in=0 arr=[] vos=[] rec=0 nat=0 out=false low=false x=false",
  "  w3 stock=80 doh=null in=0 arr=[] vos=[] rec=0 nat=0 out=false low=false x=false",
  "  w4 stock=80 doh=null in=0 arr=[] vos=[] rec=0 nat=0 out=false low=false x=false",
  "  w5 stock=80 doh=null in=0 arr=[] vos=[] rec=0 nat=0 out=false low=false x=false",
  "  w6 stock=80 doh=null in=0 arr=[] vos=[] rec=0 nat=0 out=false low=false x=false",
  "  w7 stock=80 doh=null in=0 arr=[] vos=[] rec=0 nat=0 out=false low=false x=false",
  "  w8 stock=80 doh=null in=0 arr=[] vos=[] rec=0 nat=0 out=false low=false x=false",
  "  w9 stock=80 doh=null in=0 arr=[] vos=[] rec=0 nat=0 out=false low=false x=false",
  "[mooca] SKU-SEALEAD name=Long Sea Lead lead=international-default modal=sea dd=10 status=REORDER late=true buyBy=0",
  "  w1 stock=20 doh=10 in=0 arr=[] vos=[] rec=0 nat=0 out=false low=true x=false",
  "  w2 stock=6 doh=3 in=0 arr=[] vos=[] rec=0 nat=0 out=false low=true x=false",
  "  w3 stock=0 doh=0 in=0 arr=[] vos=[] rec=0 nat=0 out=true low=true x=false",
  "  w4 stock=0 doh=0 in=0 arr=[] vos=[] rec=0 nat=0 out=true low=true x=false",
  "  w5 stock=0 doh=0 in=0 arr=[] vos=[] rec=0 nat=0 out=true low=true x=false",
  "  w6 stock=0 doh=0 in=0 arr=[] vos=[] rec=0 nat=0 out=true low=true x=false",
  "  w7 stock=0 doh=0 in=0 arr=[] vos=[] rec=0 nat=0 out=true low=true x=false",
  "  w8 stock=0 doh=0 in=0 arr=[] vos=[] rec=0 nat=0 out=true low=true x=false",
  "  w9 stock=0 doh=0 in=0 arr=[] vos=[] rec=0 nat=0 out=true low=true x=false",
  "[mooca] SKU-REPAIR name=Repairable Part lead=international-default modal=sea dd=4 status=OK late=false buyBy=6",
  "  w1 stock=40 doh=50 in=0 arr=[] vos=[] rec=0 nat=0 out=false low=true x=false",
  "  w2 stock=34 doh=43 in=0 arr=[] vos=[] rec=0 nat=0 out=false low=true x=false",
  "  w3 stock=29 doh=36 in=0 arr=[] vos=[] rec=0 nat=0 out=false low=true x=false",
  "  w4 stock=23 doh=29 in=0 arr=[] vos=[] rec=0 nat=0 out=false low=true x=false",
  "  w5 stock=18 doh=23 in=0 arr=[] vos=[] rec=0 nat=0 out=false low=true x=false",
  "  w6 stock=12 doh=15 in=0 arr=[] vos=[] rec=0 nat=0 out=false low=true x=false",
  "  w7 stock=6 doh=8 in=0 arr=[] vos=[] rec=0 nat=0 out=false low=true x=false",
  "  w8 stock=1 doh=1 in=0 arr=[] vos=[] rec=0 nat=0 out=false low=true x=false",
  "  w9 stock=0 doh=0 in=0 arr=[] vos=[] rec=0 nat=0 out=true low=true x=false",
  "[mooca] SKU-STEADY name=Steady Breacher lead=international-default modal=sea dd=5 status=OK late=false buyBy=null",
  "  w1 stock=100 doh=67 in=0 arr=[] vos=[] rec=0 nat=0 out=false low=true x=false",
  "  w2 stock=90 doh=60 in=0 arr=[] vos=[] rec=0 nat=0 out=false low=true x=false",
  "  w3 stock=79 doh=53 in=0 arr=[] vos=[] rec=0 nat=0 out=false low=true x=false",
  "  w4 stock=69 doh=46 in=0 arr=[] vos=[] rec=0 nat=0 out=false low=true x=false",
  "  w5 stock=58 doh=39 in=0 arr=[] vos=[] rec=0 nat=0 out=false low=true x=false",
  "  w6 stock=48 doh=32 in=0 arr=[] vos=[] rec=0 nat=0 out=false low=true x=false",
  "  w7 stock=37 doh=25 in=0 arr=[] vos=[] rec=0 nat=0 out=false low=true x=false",
  "  w8 stock=27 doh=18 in=0 arr=[] vos=[] rec=0 nat=0 out=false low=true x=false",
  "  w9 stock=16 doh=11 in=0 arr=[] vos=[] rec=0 nat=0 out=false low=true x=false",
  "[mooca] SKU-ZERO name=Zero Demand lead=international-default modal=sea dd=0 status=OK late=false buyBy=null",
  "  w1 stock=10 doh=null in=0 arr=[] vos=[] rec=0 nat=0 out=false low=false x=false",
  "  w2 stock=10 doh=null in=0 arr=[] vos=[] rec=0 nat=0 out=false low=false x=false",
  "  w3 stock=10 doh=null in=0 arr=[] vos=[] rec=0 nat=0 out=false low=false x=false",
  "  w4 stock=10 doh=null in=0 arr=[] vos=[] rec=0 nat=0 out=false low=false x=false",
  "  w5 stock=10 doh=null in=0 arr=[] vos=[] rec=0 nat=0 out=false low=false x=false",
  "  w6 stock=10 doh=null in=0 arr=[] vos=[] rec=0 nat=0 out=false low=false x=false",
  "  w7 stock=10 doh=null in=0 arr=[] vos=[] rec=0 nat=0 out=false low=false x=false",
  "  w8 stock=10 doh=null in=0 arr=[] vos=[] rec=0 nat=0 out=false low=false x=false",
  "  w9 stock=10 doh=null in=0 arr=[] vos=[] rec=0 nat=0 out=false low=false x=false",
  "[sbc] SKU-SEALEAD name=Long Sea Lead lead=international-default modal=sea dd=10 status=REORDER late=true buyBy=0",
  "  w1 stock=0 doh=null in=0 arr=[] vos=[] rec=0 nat=0 out=true low=false x=false",
  "  w2 stock=0 doh=null in=0 arr=[] vos=[] rec=0 nat=0 out=true low=false x=false",
  "  w3 stock=0 doh=null in=0 arr=[] vos=[] rec=0 nat=0 out=true low=false x=false",
  "  w4 stock=0 doh=null in=0 arr=[] vos=[] rec=0 nat=0 out=true low=false x=false",
  "  w5 stock=0 doh=null in=0 arr=[] vos=[] rec=0 nat=0 out=true low=false x=false",
  "  w6 stock=0 doh=null in=0 arr=[] vos=[] rec=0 nat=0 out=true low=false x=false",
  "  w7 stock=0 doh=null in=0 arr=[] vos=[] rec=0 nat=0 out=true low=false x=false",
  "  w8 stock=0 doh=null in=0 arr=[] vos=[] rec=0 nat=0 out=true low=false x=false",
  "  w9 stock=0 doh=null in=0 arr=[] vos=[] rec=0 nat=0 out=true low=false x=false",
  "[sbc] SKU-REPAIR name=Repairable Part lead=international-default modal=sea dd=4 status=OK late=false buyBy=6",
  "  w1 stock=40 doh=50 in=0 arr=[] vos=[] rec=0 nat=0 out=false low=true x=false",
  "  w2 stock=34 doh=43 in=0 arr=[] vos=[] rec=0 nat=0 out=false low=true x=false",
  "  w3 stock=29 doh=36 in=0 arr=[] vos=[] rec=0 nat=0 out=false low=true x=false",
  "  w4 stock=23 doh=29 in=0 arr=[] vos=[] rec=0 nat=0 out=false low=true x=false",
  "  w5 stock=18 doh=23 in=0 arr=[] vos=[] rec=0 nat=0 out=false low=true x=false",
  "  w6 stock=12 doh=15 in=0 arr=[] vos=[] rec=0 nat=0 out=false low=true x=false",
  "  w7 stock=6 doh=8 in=0 arr=[] vos=[] rec=0 nat=0 out=false low=true x=false",
  "  w8 stock=1 doh=1 in=0 arr=[] vos=[] rec=0 nat=0 out=false low=true x=false",
  "  w9 stock=0 doh=0 in=0 arr=[] vos=[] rec=0 nat=0 out=true low=true x=false",
  "[sbc] SKU-STEADY name=Steady Breacher lead=international-default modal=sea dd=5 status=OK late=false buyBy=null",
  "  w1 stock=50 doh=50 in=0 arr=[] vos=[] rec=0 nat=0 out=false low=true x=false",
  "  w2 stock=43 doh=43 in=0 arr=[] vos=[] rec=0 nat=0 out=false low=true x=false",
  "  w3 stock=36 doh=36 in=0 arr=[] vos=[] rec=0 nat=0 out=false low=true x=false",
  "  w4 stock=29 doh=29 in=0 arr=[] vos=[] rec=0 nat=0 out=false low=true x=false",
  "  w5 stock=22 doh=22 in=0 arr=[] vos=[] rec=0 nat=0 out=false low=true x=false",
  "  w6 stock=15 doh=15 in=0 arr=[] vos=[] rec=0 nat=0 out=false low=true x=false",
  "  w7 stock=8 doh=8 in=0 arr=[] vos=[] rec=0 nat=0 out=false low=true x=false",
  "  w8 stock=1 doh=1 in=0 arr=[] vos=[] rec=0 nat=0 out=false low=true x=false",
  "  w9 stock=0 doh=0 in=0 arr=[] vos=[] rec=0 nat=0 out=true low=true x=false",
  "[sbc] SKU-ZERO name=Zero Demand lead=international-default modal=sea dd=0 status=OK late=false buyBy=null",
  "  w1 stock=10 doh=null in=0 arr=[] vos=[] rec=0 nat=0 out=false low=false x=false",
  "  w2 stock=10 doh=null in=0 arr=[] vos=[] rec=0 nat=0 out=false low=false x=false",
  "  w3 stock=10 doh=null in=0 arr=[] vos=[] rec=0 nat=0 out=false low=false x=false",
  "  w4 stock=10 doh=null in=0 arr=[] vos=[] rec=0 nat=0 out=false low=false x=false",
  "  w5 stock=10 doh=null in=0 arr=[] vos=[] rec=0 nat=0 out=false low=false x=false",
  "  w6 stock=10 doh=null in=0 arr=[] vos=[] rec=0 nat=0 out=false low=false x=false",
  "  w7 stock=10 doh=null in=0 arr=[] vos=[] rec=0 nat=0 out=false low=false x=false",
  "  w8 stock=10 doh=null in=0 arr=[] vos=[] rec=0 nat=0 out=false low=false x=false",
  "  w9 stock=10 doh=null in=0 arr=[] vos=[] rec=0 nat=0 out=false low=false x=false",
  "scenario=Aéreo dohFloor=75 criteria=doh/75",
  "weeks=0:0:2026-06-23 1:7:2026-06-30 2:14:2026-07-07 3:21:2026-07-14 4:28:2026-07-21 5:35:2026-07-28 6:42:2026-08-04 7:49:2026-08-11 8:56:2026-08-18",
  "[global] SKU-SEALEAD name=Long Sea Lead lead=international-default modal=sea dd=10 status=REORDER late=true buyBy=0",
  "  w1 stock=100 doh=10 in=0 arr=[] vos=[] rec=0 nat=0 out=false low=true x=false",
  "  w2 stock=30 doh=3 in=0 arr=[] vos=[] rec=0 nat=0 out=false low=true x=false",
  "  w3 stock=0 doh=0 in=0 arr=[] vos=[] rec=0 nat=0 out=true low=true x=false",
  "  w4 stock=0 doh=0 in=0 arr=[] vos=[] rec=0 nat=0 out=true low=true x=false",
  "  w5 stock=0 doh=0 in=0 arr=[] vos=[] rec=0 nat=0 out=true low=true x=false",
  "  w6 stock=0 doh=0 in=0 arr=[] vos=[] rec=0 nat=0 out=true low=true x=false",
  "  w7 stock=1030 doh=103 in=1060 arr=[Aéreo:0/1060] vos=[] rec=0 nat=0 out=false low=false x=false",
  "  w8 stock=960 doh=96 in=0 arr=[] vos=[] rec=0 nat=0 out=false low=false x=false",
  "  w9 stock=890 doh=89 in=0 arr=[] vos=[] rec=0 nat=0 out=false low=false x=false",
  "[global] SKU-REPAIR name=Repairable Part lead=international-default modal=sea dd=4 status=OK late=false buyBy=6",
  "  w1 stock=200 doh=50 in=0 arr=[] vos=[] rec=0 nat=0 out=false low=true x=false",
  "  w2 stock=416 doh=104 in=240 arr=[Aéreo:0/240] vos=[] rec=4 nat=0 out=false low=false x=false",
  "  w3 stock=402 doh=101 in=0 arr=[] vos=[] rec=14 nat=0 out=false low=false x=false",
  "  w4 stock=388 doh=97 in=0 arr=[] vos=[] rec=14 nat=0 out=false low=false x=false",
  "  w5 stock=374 doh=94 in=0 arr=[] vos=[] rec=14 nat=0 out=false low=false x=false",
  "  w6 stock=360 doh=90 in=0 arr=[] vos=[] rec=14 nat=0 out=false low=false x=false",
  "  w7 stock=346 doh=87 in=0 arr=[] vos=[] rec=14 nat=0 out=false low=false x=false",
  "  w8 stock=332 doh=83 in=0 arr=[] vos=[] rec=14 nat=0 out=false low=false x=false",
  "  w9 stock=318 doh=80 in=0 arr=[] vos=[] rec=14 nat=0 out=false low=false x=false",
  "[global] SKU-STEADY name=Steady Breacher lead=international-default modal=sea dd=5 status=OK late=false buyBy=null",
  "  w1 stock=500 doh=100 in=50 arr=[Marítimo:50/0] vos=[VO-1,VO-7] rec=0 nat=0 out=false low=false x=false",
  "  w2 stock=520 doh=104 in=55 arr=[Aéreo:15/0,Marítimo:40/0] vos=[VO-2,po-3] rec=0 nat=0 out=false low=false x=false",
  "  w3 stock=530 doh=106 in=45 arr=[Aéreo:25/0,Marítimo:20/0] vos=[VO-4,VO-10] rec=0 nat=0 out=false low=false x=false",
  "  w4 stock=495 doh=99 in=0 arr=[] vos=[] rec=0 nat=0 out=false low=false x=false",
  "  w5 stock=460 doh=92 in=0 arr=[] vos=[] rec=0 nat=0 out=false low=false x=false",
  "  w6 stock=425 doh=85 in=0 arr=[] vos=[] rec=0 nat=0 out=false low=false x=false",
  "  w7 stock=390 doh=78 in=0 arr=[] vos=[] rec=0 nat=0 out=false low=false x=false",
  "  w8 stock=510 doh=102 in=155 arr=[Aéreo:0/155] vos=[] rec=0 nat=0 out=false low=false x=false",
  "  w9 stock=515 doh=103 in=40 arr=[Marítimo:40/0] vos=[VO-5] rec=0 nat=0 out=false low=false x=false",
  "[global] SKU-ZERO name=Zero Demand lead=international-default modal=sea dd=0 status=OK late=false buyBy=null",
  "  w1 stock=100 doh=null in=0 arr=[] vos=[] rec=0 nat=0 out=false low=false x=false",
  "  w2 stock=100 doh=null in=0 arr=[] vos=[] rec=0 nat=0 out=false low=false x=false",
  "  w3 stock=100 doh=null in=0 arr=[] vos=[] rec=0 nat=0 out=false low=false x=false",
  "  w4 stock=100 doh=null in=0 arr=[] vos=[] rec=0 nat=0 out=false low=false x=false",
  "  w5 stock=100 doh=null in=0 arr=[] vos=[] rec=0 nat=0 out=false low=false x=false",
  "  w6 stock=100 doh=null in=0 arr=[] vos=[] rec=0 nat=0 out=false low=false x=false",
  "  w7 stock=100 doh=null in=0 arr=[] vos=[] rec=0 nat=0 out=false low=false x=false",
  "  w8 stock=100 doh=null in=0 arr=[] vos=[] rec=0 nat=0 out=false low=false x=false",
  "  w9 stock=100 doh=null in=0 arr=[] vos=[] rec=0 nat=0 out=false low=false x=false",
  "[osasco] SKU-SEALEAD name=Long Sea Lead lead=international-default modal=sea dd=10 status=REORDER late=true buyBy=0",
  "  w1 stock=80 doh=10 in=0 arr=[] vos=[] rec=0 nat=0 out=false low=true x=false",
  "  w2 stock=24 doh=3 in=0 arr=[] vos=[] rec=0 nat=0 out=false low=true x=false",
  "  w3 stock=0 doh=0 in=0 arr=[] vos=[] rec=0 nat=0 out=true low=true x=false",
  "  w4 stock=0 doh=0 in=0 arr=[] vos=[] rec=0 nat=0 out=true low=true x=false",
  "  w5 stock=0 doh=0 in=0 arr=[] vos=[] rec=0 nat=0 out=true low=true x=false",
  "  w6 stock=0 doh=0 in=0 arr=[] vos=[] rec=0 nat=0 out=true low=true x=false",
  "  w7 stock=1036 doh=130 in=1060 arr=[Aéreo:0/1060] vos=[] rec=0 nat=0 out=false low=false x=false",
  "  w8 stock=980 doh=123 in=0 arr=[] vos=[] rec=0 nat=0 out=false low=false x=false",
  "  w9 stock=924 doh=116 in=0 arr=[] vos=[] rec=0 nat=0 out=false low=false x=false",
  "[osasco] SKU-REPAIR name=Repairable Part lead=international-default modal=sea dd=4 status=OK late=false buyBy=6",
  "  w1 stock=120 doh=50 in=0 arr=[] vos=[] rec=0 nat=0 out=false low=true x=false",
  "  w2 stock=346 doh=144 in=240 arr=[Aéreo:0/240] vos=[] rec=2 nat=0 out=false low=false x=false",
  "  w3 stock=337 doh=140 in=0 arr=[] vos=[] rec=8 nat=0 out=false low=false x=false",
  "  w4 stock=329 doh=137 in=0 arr=[] vos=[] rec=8 nat=0 out=false low=false x=false",
  "  w5 stock=320 doh=133 in=0 arr=[] vos=[] rec=8 nat=0 out=false low=false x=false",
  "  w6 stock=312 doh=130 in=0 arr=[] vos=[] rec=8 nat=0 out=false low=false x=false",
  "  w7 stock=304 doh=127 in=0 arr=[] vos=[] rec=8 nat=0 out=false low=false x=false",
  "  w8 stock=295 doh=123 in=0 arr=[] vos=[] rec=8 nat=0 out=false low=false x=false",
  "  w9 stock=287 doh=120 in=0 arr=[] vos=[] rec=8 nat=0 out=false low=false x=false",
  "[osasco] SKU-STEADY name=Steady Breacher lead=international-default modal=sea dd=5 status=OK late=false buyBy=null",
  "  w1 stock=350 doh=140 in=50 arr=[Marítimo:50/0] vos=[VO-1,VO-7] rec=0 nat=0 out=false low=false x=false",
  "  w2 stock=388 doh=155 in=55 arr=[Aéreo:15/0,Marítimo:40/0] vos=[VO-2,po-3] rec=0 nat=0 out=false low=false x=false",
  "  w3 stock=415 doh=166 in=45 arr=[Aéreo:25/0,Marítimo:20/0] vos=[VO-4,VO-10] rec=0 nat=0 out=false low=false x=false",
  "  w4 stock=398 doh=159 in=0 arr=[] vos=[] rec=0 nat=0 out=false low=false x=false",
  "  w5 stock=380 doh=152 in=0 arr=[] vos=[] rec=0 nat=0 out=false low=false x=false",
  "  w6 stock=363 doh=145 in=0 arr=[] vos=[] rec=0 nat=0 out=false low=false x=false",
  "  w7 stock=345 doh=138 in=0 arr=[] vos=[] rec=0 nat=0 out=false low=false x=false",
  "  w8 stock=483 doh=193 in=155 arr=[Aéreo:0/155] vos=[] rec=0 nat=0 out=false low=false x=false",
  "  w9 stock=505 doh=202 in=40 arr=[Marítimo:40/0] vos=[VO-5] rec=0 nat=0 out=false low=false x=false",
  "[osasco] SKU-ZERO name=Zero Demand lead=international-default modal=sea dd=0 status=OK late=false buyBy=null",
  "  w1 stock=80 doh=null in=0 arr=[] vos=[] rec=0 nat=0 out=false low=false x=false",
  "  w2 stock=80 doh=null in=0 arr=[] vos=[] rec=0 nat=0 out=false low=false x=false",
  "  w3 stock=80 doh=null in=0 arr=[] vos=[] rec=0 nat=0 out=false low=false x=false",
  "  w4 stock=80 doh=null in=0 arr=[] vos=[] rec=0 nat=0 out=false low=false x=false",
  "  w5 stock=80 doh=null in=0 arr=[] vos=[] rec=0 nat=0 out=false low=false x=false",
  "  w6 stock=80 doh=null in=0 arr=[] vos=[] rec=0 nat=0 out=false low=false x=false",
  "  w7 stock=80 doh=null in=0 arr=[] vos=[] rec=0 nat=0 out=false low=false x=false",
  "  w8 stock=80 doh=null in=0 arr=[] vos=[] rec=0 nat=0 out=false low=false x=false",
  "  w9 stock=80 doh=null in=0 arr=[] vos=[] rec=0 nat=0 out=false low=false x=false",
  "[mooca] SKU-SEALEAD name=Long Sea Lead lead=international-default modal=sea dd=10 status=REORDER late=true buyBy=0",
  "  w1 stock=20 doh=10 in=0 arr=[] vos=[] rec=0 nat=0 out=false low=true x=false",
  "  w2 stock=6 doh=3 in=0 arr=[] vos=[] rec=0 nat=0 out=false low=true x=false",
  "  w3 stock=0 doh=0 in=0 arr=[] vos=[] rec=0 nat=0 out=true low=true x=false",
  "  w4 stock=0 doh=0 in=0 arr=[] vos=[] rec=0 nat=0 out=true low=true x=false",
  "  w5 stock=0 doh=0 in=0 arr=[] vos=[] rec=0 nat=0 out=true low=true x=false",
  "  w6 stock=0 doh=0 in=0 arr=[] vos=[] rec=0 nat=0 out=true low=true x=false",
  "  w7 stock=0 doh=0 in=0 arr=[] vos=[] rec=0 nat=0 out=true low=true x=false",
  "  w8 stock=0 doh=0 in=0 arr=[] vos=[] rec=0 nat=0 out=true low=true x=false",
  "  w9 stock=0 doh=0 in=0 arr=[] vos=[] rec=0 nat=0 out=true low=true x=false",
  "[mooca] SKU-REPAIR name=Repairable Part lead=international-default modal=sea dd=4 status=OK late=false buyBy=6",
  "  w1 stock=40 doh=50 in=0 arr=[] vos=[] rec=0 nat=0 out=false low=true x=false",
  "  w2 stock=34 doh=43 in=0 arr=[] vos=[] rec=0 nat=0 out=false low=true x=false",
  "  w3 stock=29 doh=36 in=0 arr=[] vos=[] rec=0 nat=0 out=false low=true x=false",
  "  w4 stock=23 doh=29 in=0 arr=[] vos=[] rec=0 nat=0 out=false low=true x=false",
  "  w5 stock=18 doh=23 in=0 arr=[] vos=[] rec=0 nat=0 out=false low=true x=false",
  "  w6 stock=12 doh=15 in=0 arr=[] vos=[] rec=0 nat=0 out=false low=true x=false",
  "  w7 stock=6 doh=8 in=0 arr=[] vos=[] rec=0 nat=0 out=false low=true x=false",
  "  w8 stock=1 doh=1 in=0 arr=[] vos=[] rec=0 nat=0 out=false low=true x=false",
  "  w9 stock=0 doh=0 in=0 arr=[] vos=[] rec=0 nat=0 out=true low=true x=false",
  "[mooca] SKU-STEADY name=Steady Breacher lead=international-default modal=sea dd=5 status=OK late=false buyBy=null",
  "  w1 stock=100 doh=67 in=0 arr=[] vos=[] rec=0 nat=0 out=false low=true x=false",
  "  w2 stock=90 doh=60 in=0 arr=[] vos=[] rec=0 nat=0 out=false low=true x=false",
  "  w3 stock=79 doh=53 in=0 arr=[] vos=[] rec=0 nat=0 out=false low=true x=false",
  "  w4 stock=69 doh=46 in=0 arr=[] vos=[] rec=0 nat=0 out=false low=true x=false",
  "  w5 stock=58 doh=39 in=0 arr=[] vos=[] rec=0 nat=0 out=false low=true x=false",
  "  w6 stock=48 doh=32 in=0 arr=[] vos=[] rec=0 nat=0 out=false low=true x=false",
  "  w7 stock=37 doh=25 in=0 arr=[] vos=[] rec=0 nat=0 out=false low=true x=false",
  "  w8 stock=27 doh=18 in=0 arr=[] vos=[] rec=0 nat=0 out=false low=true x=false",
  "  w9 stock=16 doh=11 in=0 arr=[] vos=[] rec=0 nat=0 out=false low=true x=false",
  "[mooca] SKU-ZERO name=Zero Demand lead=international-default modal=sea dd=0 status=OK late=false buyBy=null",
  "  w1 stock=10 doh=null in=0 arr=[] vos=[] rec=0 nat=0 out=false low=false x=false",
  "  w2 stock=10 doh=null in=0 arr=[] vos=[] rec=0 nat=0 out=false low=false x=false",
  "  w3 stock=10 doh=null in=0 arr=[] vos=[] rec=0 nat=0 out=false low=false x=false",
  "  w4 stock=10 doh=null in=0 arr=[] vos=[] rec=0 nat=0 out=false low=false x=false",
  "  w5 stock=10 doh=null in=0 arr=[] vos=[] rec=0 nat=0 out=false low=false x=false",
  "  w6 stock=10 doh=null in=0 arr=[] vos=[] rec=0 nat=0 out=false low=false x=false",
  "  w7 stock=10 doh=null in=0 arr=[] vos=[] rec=0 nat=0 out=false low=false x=false",
  "  w8 stock=10 doh=null in=0 arr=[] vos=[] rec=0 nat=0 out=false low=false x=false",
  "  w9 stock=10 doh=null in=0 arr=[] vos=[] rec=0 nat=0 out=false low=false x=false",
  "[sbc] SKU-SEALEAD name=Long Sea Lead lead=international-default modal=sea dd=10 status=REORDER late=true buyBy=0",
  "  w1 stock=0 doh=null in=0 arr=[] vos=[] rec=0 nat=0 out=true low=false x=false",
  "  w2 stock=0 doh=null in=0 arr=[] vos=[] rec=0 nat=0 out=true low=false x=false",
  "  w3 stock=0 doh=null in=0 arr=[] vos=[] rec=0 nat=0 out=true low=false x=false",
  "  w4 stock=0 doh=null in=0 arr=[] vos=[] rec=0 nat=0 out=true low=false x=false",
  "  w5 stock=0 doh=null in=0 arr=[] vos=[] rec=0 nat=0 out=true low=false x=false",
  "  w6 stock=0 doh=null in=0 arr=[] vos=[] rec=0 nat=0 out=true low=false x=false",
  "  w7 stock=0 doh=null in=0 arr=[] vos=[] rec=0 nat=0 out=true low=false x=false",
  "  w8 stock=0 doh=null in=0 arr=[] vos=[] rec=0 nat=0 out=true low=false x=false",
  "  w9 stock=0 doh=null in=0 arr=[] vos=[] rec=0 nat=0 out=true low=false x=false",
  "[sbc] SKU-REPAIR name=Repairable Part lead=international-default modal=sea dd=4 status=OK late=false buyBy=6",
  "  w1 stock=40 doh=50 in=0 arr=[] vos=[] rec=0 nat=0 out=false low=true x=false",
  "  w2 stock=34 doh=43 in=0 arr=[] vos=[] rec=0 nat=0 out=false low=true x=false",
  "  w3 stock=29 doh=36 in=0 arr=[] vos=[] rec=0 nat=0 out=false low=true x=false",
  "  w4 stock=23 doh=29 in=0 arr=[] vos=[] rec=0 nat=0 out=false low=true x=false",
  "  w5 stock=18 doh=23 in=0 arr=[] vos=[] rec=0 nat=0 out=false low=true x=false",
  "  w6 stock=12 doh=15 in=0 arr=[] vos=[] rec=0 nat=0 out=false low=true x=false",
  "  w7 stock=6 doh=8 in=0 arr=[] vos=[] rec=0 nat=0 out=false low=true x=false",
  "  w8 stock=1 doh=1 in=0 arr=[] vos=[] rec=0 nat=0 out=false low=true x=false",
  "  w9 stock=0 doh=0 in=0 arr=[] vos=[] rec=0 nat=0 out=true low=true x=false",
  "[sbc] SKU-STEADY name=Steady Breacher lead=international-default modal=sea dd=5 status=OK late=false buyBy=null",
  "  w1 stock=50 doh=50 in=0 arr=[] vos=[] rec=0 nat=0 out=false low=true x=false",
  "  w2 stock=43 doh=43 in=0 arr=[] vos=[] rec=0 nat=0 out=false low=true x=false",
  "  w3 stock=36 doh=36 in=0 arr=[] vos=[] rec=0 nat=0 out=false low=true x=false",
  "  w4 stock=29 doh=29 in=0 arr=[] vos=[] rec=0 nat=0 out=false low=true x=false",
  "  w5 stock=22 doh=22 in=0 arr=[] vos=[] rec=0 nat=0 out=false low=true x=false",
  "  w6 stock=15 doh=15 in=0 arr=[] vos=[] rec=0 nat=0 out=false low=true x=false",
  "  w7 stock=8 doh=8 in=0 arr=[] vos=[] rec=0 nat=0 out=false low=true x=false",
  "  w8 stock=1 doh=1 in=0 arr=[] vos=[] rec=0 nat=0 out=false low=true x=false",
  "  w9 stock=0 doh=0 in=0 arr=[] vos=[] rec=0 nat=0 out=true low=true x=false",
  "[sbc] SKU-ZERO name=Zero Demand lead=international-default modal=sea dd=0 status=OK late=false buyBy=null",
  "  w1 stock=10 doh=null in=0 arr=[] vos=[] rec=0 nat=0 out=false low=false x=false",
  "  w2 stock=10 doh=null in=0 arr=[] vos=[] rec=0 nat=0 out=false low=false x=false",
  "  w3 stock=10 doh=null in=0 arr=[] vos=[] rec=0 nat=0 out=false low=false x=false",
  "  w4 stock=10 doh=null in=0 arr=[] vos=[] rec=0 nat=0 out=false low=false x=false",
  "  w5 stock=10 doh=null in=0 arr=[] vos=[] rec=0 nat=0 out=false low=false x=false",
  "  w6 stock=10 doh=null in=0 arr=[] vos=[] rec=0 nat=0 out=false low=false x=false",
  "  w7 stock=10 doh=null in=0 arr=[] vos=[] rec=0 nat=0 out=false low=false x=false",
  "  w8 stock=10 doh=null in=0 arr=[] vos=[] rec=0 nat=0 out=false low=false x=false",
  "  w9 stock=10 doh=null in=0 arr=[] vos=[] rec=0 nat=0 out=false low=false x=false",
  "scenario=Courier dohFloor=75 criteria=doh/75",
  "weeks=0:0:2026-06-23 1:7:2026-06-30 2:14:2026-07-07 3:21:2026-07-14 4:28:2026-07-21 5:35:2026-07-28 6:42:2026-08-04 7:49:2026-08-11 8:56:2026-08-18",
  "[global] SKU-SEALEAD name=Long Sea Lead lead=international-default modal=sea dd=10 status=REORDER late=true buyBy=0",
  "  w1 stock=100 doh=10 in=0 arr=[] vos=[] rec=0 nat=0 out=false low=true x=false",
  "  w2 stock=30 doh=3 in=0 arr=[] vos=[] rec=0 nat=0 out=false low=true x=false",
  "  w3 stock=0 doh=0 in=0 arr=[] vos=[] rec=0 nat=0 out=true low=true x=false",
  "  w4 stock=0 doh=0 in=0 arr=[] vos=[] rec=0 nat=0 out=true low=true x=false",
  "  w5 stock=0 doh=0 in=0 arr=[] vos=[] rec=0 nat=0 out=true low=true x=false",
  "  w6 stock=0 doh=0 in=0 arr=[] vos=[] rec=0 nat=0 out=true low=true x=false",
  "  w7 stock=0 doh=0 in=0 arr=[] vos=[] rec=0 nat=0 out=true low=true x=false",
  "  w8 stock=0 doh=0 in=0 arr=[] vos=[] rec=0 nat=0 out=true low=true x=false",
  "  w9 stock=0 doh=0 in=0 arr=[] vos=[] rec=0 nat=0 out=true low=true x=false",
  "[global] SKU-REPAIR name=Repairable Part lead=international-default modal=sea dd=4 status=OK late=false buyBy=6",
  "  w1 stock=200 doh=50 in=0 arr=[] vos=[] rec=0 nat=0 out=false low=true x=false",
  "  w2 stock=176 doh=44 in=0 arr=[] vos=[] rec=4 nat=0 out=false low=true x=false",
  "  w3 stock=162 doh=41 in=0 arr=[] vos=[] rec=14 nat=0 out=false low=true x=false",
  "  w4 stock=148 doh=37 in=0 arr=[] vos=[] rec=14 nat=0 out=false low=true x=false",
  "  w5 stock=134 doh=34 in=0 arr=[] vos=[] rec=14 nat=0 out=false low=true x=false",
  "  w6 stock=120 doh=30 in=0 arr=[] vos=[] rec=14 nat=0 out=false low=true x=false",
  "  w7 stock=106 doh=27 in=0 arr=[] vos=[] rec=14 nat=0 out=false low=true x=false",
  "  w8 stock=92 doh=23 in=0 arr=[] vos=[] rec=14 nat=0 out=false low=true x=false",
  "  w9 stock=78 doh=20 in=0 arr=[] vos=[] rec=14 nat=0 out=false low=true x=false",
  "[global] SKU-STEADY name=Steady Breacher lead=international-default modal=sea dd=5 status=OK late=false buyBy=null",
  "  w1 stock=500 doh=100 in=50 arr=[Marítimo:50/0] vos=[VO-1,VO-7] rec=0 nat=0 out=false low=false x=false",
  "  w2 stock=520 doh=104 in=55 arr=[Aéreo:15/0,Marítimo:40/0] vos=[VO-2,po-3] rec=0 nat=0 out=false low=false x=false",
  "  w3 stock=530 doh=106 in=45 arr=[Aéreo:25/0,Marítimo:20/0] vos=[VO-4,VO-10] rec=0 nat=0 out=false low=false x=false",
  "  w4 stock=495 doh=99 in=0 arr=[] vos=[] rec=0 nat=0 out=false low=false x=false",
  "  w5 stock=460 doh=92 in=0 arr=[] vos=[] rec=0 nat=0 out=false low=false x=false",
  "  w6 stock=425 doh=85 in=0 arr=[] vos=[] rec=0 nat=0 out=false low=false x=false",
  "  w7 stock=390 doh=78 in=0 arr=[] vos=[] rec=0 nat=0 out=false low=false x=false",
  "  w8 stock=510 doh=102 in=155 arr=[Courier:0/155] vos=[] rec=0 nat=0 out=false low=false x=false",
  "  w9 stock=515 doh=103 in=40 arr=[Marítimo:40/0] vos=[VO-5] rec=0 nat=0 out=false low=false x=false",
  "[global] SKU-ZERO name=Zero Demand lead=international-default modal=sea dd=0 status=OK late=false buyBy=null",
  "  w1 stock=100 doh=null in=0 arr=[] vos=[] rec=0 nat=0 out=false low=false x=false",
  "  w2 stock=100 doh=null in=0 arr=[] vos=[] rec=0 nat=0 out=false low=false x=false",
  "  w3 stock=100 doh=null in=0 arr=[] vos=[] rec=0 nat=0 out=false low=false x=false",
  "  w4 stock=100 doh=null in=0 arr=[] vos=[] rec=0 nat=0 out=false low=false x=false",
  "  w5 stock=100 doh=null in=0 arr=[] vos=[] rec=0 nat=0 out=false low=false x=false",
  "  w6 stock=100 doh=null in=0 arr=[] vos=[] rec=0 nat=0 out=false low=false x=false",
  "  w7 stock=100 doh=null in=0 arr=[] vos=[] rec=0 nat=0 out=false low=false x=false",
  "  w8 stock=100 doh=null in=0 arr=[] vos=[] rec=0 nat=0 out=false low=false x=false",
  "  w9 stock=100 doh=null in=0 arr=[] vos=[] rec=0 nat=0 out=false low=false x=false",
  "[osasco] SKU-SEALEAD name=Long Sea Lead lead=international-default modal=sea dd=10 status=REORDER late=true buyBy=0",
  "  w1 stock=80 doh=10 in=0 arr=[] vos=[] rec=0 nat=0 out=false low=true x=false",
  "  w2 stock=24 doh=3 in=0 arr=[] vos=[] rec=0 nat=0 out=false low=true x=false",
  "  w3 stock=0 doh=0 in=0 arr=[] vos=[] rec=0 nat=0 out=true low=true x=false",
  "  w4 stock=0 doh=0 in=0 arr=[] vos=[] rec=0 nat=0 out=true low=true x=false",
  "  w5 stock=0 doh=0 in=0 arr=[] vos=[] rec=0 nat=0 out=true low=true x=false",
  "  w6 stock=0 doh=0 in=0 arr=[] vos=[] rec=0 nat=0 out=true low=true x=false",
  "  w7 stock=0 doh=0 in=0 arr=[] vos=[] rec=0 nat=0 out=true low=true x=false",
  "  w8 stock=0 doh=0 in=0 arr=[] vos=[] rec=0 nat=0 out=true low=true x=false",
  "  w9 stock=0 doh=0 in=0 arr=[] vos=[] rec=0 nat=0 out=true low=true x=false",
  "[osasco] SKU-REPAIR name=Repairable Part lead=international-default modal=sea dd=4 status=OK late=false buyBy=6",
  "  w1 stock=120 doh=50 in=0 arr=[] vos=[] rec=0 nat=0 out=false low=true x=false",
  "  w2 stock=106 doh=44 in=0 arr=[] vos=[] rec=2 nat=0 out=false low=true x=false",
  "  w3 stock=97 doh=40 in=0 arr=[] vos=[] rec=8 nat=0 out=false low=true x=false",
  "  w4 stock=89 doh=37 in=0 arr=[] vos=[] rec=8 nat=0 out=false low=true x=false",
  "  w5 stock=80 doh=33 in=0 arr=[] vos=[] rec=8 nat=0 out=false low=true x=false",
  "  w6 stock=72 doh=30 in=0 arr=[] vos=[] rec=8 nat=0 out=false low=true x=false",
  "  w7 stock=64 doh=27 in=0 arr=[] vos=[] rec=8 nat=0 out=false low=true x=false",
  "  w8 stock=55 doh=23 in=0 arr=[] vos=[] rec=8 nat=0 out=false low=true x=false",
  "  w9 stock=47 doh=20 in=0 arr=[] vos=[] rec=8 nat=0 out=false low=true x=false",
  "[osasco] SKU-STEADY name=Steady Breacher lead=international-default modal=sea dd=5 status=OK late=false buyBy=null",
  "  w1 stock=350 doh=140 in=50 arr=[Marítimo:50/0] vos=[VO-1,VO-7] rec=0 nat=0 out=false low=false x=false",
  "  w2 stock=388 doh=155 in=55 arr=[Aéreo:15/0,Marítimo:40/0] vos=[VO-2,po-3] rec=0 nat=0 out=false low=false x=false",
  "  w3 stock=415 doh=166 in=45 arr=[Aéreo:25/0,Marítimo:20/0] vos=[VO-4,VO-10] rec=0 nat=0 out=false low=false x=false",
  "  w4 stock=398 doh=159 in=0 arr=[] vos=[] rec=0 nat=0 out=false low=false x=false",
  "  w5 stock=380 doh=152 in=0 arr=[] vos=[] rec=0 nat=0 out=false low=false x=false",
  "  w6 stock=363 doh=145 in=0 arr=[] vos=[] rec=0 nat=0 out=false low=false x=false",
  "  w7 stock=345 doh=138 in=0 arr=[] vos=[] rec=0 nat=0 out=false low=false x=false",
  "  w8 stock=483 doh=193 in=155 arr=[Courier:0/155] vos=[] rec=0 nat=0 out=false low=false x=false",
  "  w9 stock=505 doh=202 in=40 arr=[Marítimo:40/0] vos=[VO-5] rec=0 nat=0 out=false low=false x=false",
  "[osasco] SKU-ZERO name=Zero Demand lead=international-default modal=sea dd=0 status=OK late=false buyBy=null",
  "  w1 stock=80 doh=null in=0 arr=[] vos=[] rec=0 nat=0 out=false low=false x=false",
  "  w2 stock=80 doh=null in=0 arr=[] vos=[] rec=0 nat=0 out=false low=false x=false",
  "  w3 stock=80 doh=null in=0 arr=[] vos=[] rec=0 nat=0 out=false low=false x=false",
  "  w4 stock=80 doh=null in=0 arr=[] vos=[] rec=0 nat=0 out=false low=false x=false",
  "  w5 stock=80 doh=null in=0 arr=[] vos=[] rec=0 nat=0 out=false low=false x=false",
  "  w6 stock=80 doh=null in=0 arr=[] vos=[] rec=0 nat=0 out=false low=false x=false",
  "  w7 stock=80 doh=null in=0 arr=[] vos=[] rec=0 nat=0 out=false low=false x=false",
  "  w8 stock=80 doh=null in=0 arr=[] vos=[] rec=0 nat=0 out=false low=false x=false",
  "  w9 stock=80 doh=null in=0 arr=[] vos=[] rec=0 nat=0 out=false low=false x=false",
  "[mooca] SKU-SEALEAD name=Long Sea Lead lead=international-default modal=sea dd=10 status=REORDER late=true buyBy=0",
  "  w1 stock=20 doh=10 in=0 arr=[] vos=[] rec=0 nat=0 out=false low=true x=false",
  "  w2 stock=6 doh=3 in=0 arr=[] vos=[] rec=0 nat=0 out=false low=true x=false",
  "  w3 stock=0 doh=0 in=0 arr=[] vos=[] rec=0 nat=0 out=true low=true x=false",
  "  w4 stock=0 doh=0 in=0 arr=[] vos=[] rec=0 nat=0 out=true low=true x=false",
  "  w5 stock=0 doh=0 in=0 arr=[] vos=[] rec=0 nat=0 out=true low=true x=false",
  "  w6 stock=0 doh=0 in=0 arr=[] vos=[] rec=0 nat=0 out=true low=true x=false",
  "  w7 stock=0 doh=0 in=0 arr=[] vos=[] rec=0 nat=0 out=true low=true x=false",
  "  w8 stock=0 doh=0 in=0 arr=[] vos=[] rec=0 nat=0 out=true low=true x=false",
  "  w9 stock=0 doh=0 in=0 arr=[] vos=[] rec=0 nat=0 out=true low=true x=false",
  "[mooca] SKU-REPAIR name=Repairable Part lead=international-default modal=sea dd=4 status=OK late=false buyBy=6",
  "  w1 stock=40 doh=50 in=0 arr=[] vos=[] rec=0 nat=0 out=false low=true x=false",
  "  w2 stock=34 doh=43 in=0 arr=[] vos=[] rec=0 nat=0 out=false low=true x=false",
  "  w3 stock=29 doh=36 in=0 arr=[] vos=[] rec=0 nat=0 out=false low=true x=false",
  "  w4 stock=23 doh=29 in=0 arr=[] vos=[] rec=0 nat=0 out=false low=true x=false",
  "  w5 stock=18 doh=23 in=0 arr=[] vos=[] rec=0 nat=0 out=false low=true x=false",
  "  w6 stock=12 doh=15 in=0 arr=[] vos=[] rec=0 nat=0 out=false low=true x=false",
  "  w7 stock=6 doh=8 in=0 arr=[] vos=[] rec=0 nat=0 out=false low=true x=false",
  "  w8 stock=1 doh=1 in=0 arr=[] vos=[] rec=0 nat=0 out=false low=true x=false",
  "  w9 stock=0 doh=0 in=0 arr=[] vos=[] rec=0 nat=0 out=true low=true x=false",
  "[mooca] SKU-STEADY name=Steady Breacher lead=international-default modal=sea dd=5 status=OK late=false buyBy=null",
  "  w1 stock=100 doh=67 in=0 arr=[] vos=[] rec=0 nat=0 out=false low=true x=false",
  "  w2 stock=90 doh=60 in=0 arr=[] vos=[] rec=0 nat=0 out=false low=true x=false",
  "  w3 stock=79 doh=53 in=0 arr=[] vos=[] rec=0 nat=0 out=false low=true x=false",
  "  w4 stock=69 doh=46 in=0 arr=[] vos=[] rec=0 nat=0 out=false low=true x=false",
  "  w5 stock=58 doh=39 in=0 arr=[] vos=[] rec=0 nat=0 out=false low=true x=false",
  "  w6 stock=48 doh=32 in=0 arr=[] vos=[] rec=0 nat=0 out=false low=true x=false",
  "  w7 stock=37 doh=25 in=0 arr=[] vos=[] rec=0 nat=0 out=false low=true x=false",
  "  w8 stock=27 doh=18 in=0 arr=[] vos=[] rec=0 nat=0 out=false low=true x=false",
  "  w9 stock=16 doh=11 in=0 arr=[] vos=[] rec=0 nat=0 out=false low=true x=false",
  "[mooca] SKU-ZERO name=Zero Demand lead=international-default modal=sea dd=0 status=OK late=false buyBy=null",
  "  w1 stock=10 doh=null in=0 arr=[] vos=[] rec=0 nat=0 out=false low=false x=false",
  "  w2 stock=10 doh=null in=0 arr=[] vos=[] rec=0 nat=0 out=false low=false x=false",
  "  w3 stock=10 doh=null in=0 arr=[] vos=[] rec=0 nat=0 out=false low=false x=false",
  "  w4 stock=10 doh=null in=0 arr=[] vos=[] rec=0 nat=0 out=false low=false x=false",
  "  w5 stock=10 doh=null in=0 arr=[] vos=[] rec=0 nat=0 out=false low=false x=false",
  "  w6 stock=10 doh=null in=0 arr=[] vos=[] rec=0 nat=0 out=false low=false x=false",
  "  w7 stock=10 doh=null in=0 arr=[] vos=[] rec=0 nat=0 out=false low=false x=false",
  "  w8 stock=10 doh=null in=0 arr=[] vos=[] rec=0 nat=0 out=false low=false x=false",
  "  w9 stock=10 doh=null in=0 arr=[] vos=[] rec=0 nat=0 out=false low=false x=false",
  "[sbc] SKU-SEALEAD name=Long Sea Lead lead=international-default modal=sea dd=10 status=REORDER late=true buyBy=0",
  "  w1 stock=0 doh=null in=0 arr=[] vos=[] rec=0 nat=0 out=true low=false x=false",
  "  w2 stock=0 doh=null in=0 arr=[] vos=[] rec=0 nat=0 out=true low=false x=false",
  "  w3 stock=0 doh=null in=0 arr=[] vos=[] rec=0 nat=0 out=true low=false x=false",
  "  w4 stock=0 doh=null in=0 arr=[] vos=[] rec=0 nat=0 out=true low=false x=false",
  "  w5 stock=0 doh=null in=0 arr=[] vos=[] rec=0 nat=0 out=true low=false x=false",
  "  w6 stock=0 doh=null in=0 arr=[] vos=[] rec=0 nat=0 out=true low=false x=false",
  "  w7 stock=0 doh=null in=0 arr=[] vos=[] rec=0 nat=0 out=true low=false x=false",
  "  w8 stock=0 doh=null in=0 arr=[] vos=[] rec=0 nat=0 out=true low=false x=false",
  "  w9 stock=0 doh=null in=0 arr=[] vos=[] rec=0 nat=0 out=true low=false x=false",
  "[sbc] SKU-REPAIR name=Repairable Part lead=international-default modal=sea dd=4 status=OK late=false buyBy=6",
  "  w1 stock=40 doh=50 in=0 arr=[] vos=[] rec=0 nat=0 out=false low=true x=false",
  "  w2 stock=34 doh=43 in=0 arr=[] vos=[] rec=0 nat=0 out=false low=true x=false",
  "  w3 stock=29 doh=36 in=0 arr=[] vos=[] rec=0 nat=0 out=false low=true x=false",
  "  w4 stock=23 doh=29 in=0 arr=[] vos=[] rec=0 nat=0 out=false low=true x=false",
  "  w5 stock=18 doh=23 in=0 arr=[] vos=[] rec=0 nat=0 out=false low=true x=false",
  "  w6 stock=12 doh=15 in=0 arr=[] vos=[] rec=0 nat=0 out=false low=true x=false",
  "  w7 stock=6 doh=8 in=0 arr=[] vos=[] rec=0 nat=0 out=false low=true x=false",
  "  w8 stock=1 doh=1 in=0 arr=[] vos=[] rec=0 nat=0 out=false low=true x=false",
  "  w9 stock=0 doh=0 in=0 arr=[] vos=[] rec=0 nat=0 out=true low=true x=false",
  "[sbc] SKU-STEADY name=Steady Breacher lead=international-default modal=sea dd=5 status=OK late=false buyBy=null",
  "  w1 stock=50 doh=50 in=0 arr=[] vos=[] rec=0 nat=0 out=false low=true x=false",
  "  w2 stock=43 doh=43 in=0 arr=[] vos=[] rec=0 nat=0 out=false low=true x=false",
  "  w3 stock=36 doh=36 in=0 arr=[] vos=[] rec=0 nat=0 out=false low=true x=false",
  "  w4 stock=29 doh=29 in=0 arr=[] vos=[] rec=0 nat=0 out=false low=true x=false",
  "  w5 stock=22 doh=22 in=0 arr=[] vos=[] rec=0 nat=0 out=false low=true x=false",
  "  w6 stock=15 doh=15 in=0 arr=[] vos=[] rec=0 nat=0 out=false low=true x=false",
  "  w7 stock=8 doh=8 in=0 arr=[] vos=[] rec=0 nat=0 out=false low=true x=false",
  "  w8 stock=1 doh=1 in=0 arr=[] vos=[] rec=0 nat=0 out=false low=true x=false",
  "  w9 stock=0 doh=0 in=0 arr=[] vos=[] rec=0 nat=0 out=true low=true x=false",
  "[sbc] SKU-ZERO name=Zero Demand lead=international-default modal=sea dd=0 status=OK late=false buyBy=null",
  "  w1 stock=10 doh=null in=0 arr=[] vos=[] rec=0 nat=0 out=false low=false x=false",
  "  w2 stock=10 doh=null in=0 arr=[] vos=[] rec=0 nat=0 out=false low=false x=false",
  "  w3 stock=10 doh=null in=0 arr=[] vos=[] rec=0 nat=0 out=false low=false x=false",
  "  w4 stock=10 doh=null in=0 arr=[] vos=[] rec=0 nat=0 out=false low=false x=false",
  "  w5 stock=10 doh=null in=0 arr=[] vos=[] rec=0 nat=0 out=false low=false x=false",
  "  w6 stock=10 doh=null in=0 arr=[] vos=[] rec=0 nat=0 out=false low=false x=false",
  "  w7 stock=10 doh=null in=0 arr=[] vos=[] rec=0 nat=0 out=false low=false x=false",
  "  w8 stock=10 doh=null in=0 arr=[] vos=[] rec=0 nat=0 out=false low=false x=false",
  "  w9 stock=10 doh=null in=0 arr=[] vos=[] rec=0 nat=0 out=false low=false x=false",
  "scenario=Marítimo dohFloor=75 criteria=doh/75",
  "weeks=0:0:2026-06-23 1:7:2026-06-30 2:14:2026-07-07 3:21:2026-07-14 4:28:2026-07-21 5:35:2026-07-28 6:42:2026-08-04 7:49:2026-08-11 8:56:2026-08-18",
  "[global] SKU-SEALEAD name=Long Sea Lead lead=international-default modal=sea dd=10 status=REORDER late=true buyBy=0",
  "  w1 stock=100 doh=10 in=0 arr=[] vos=[] rec=0 nat=0 out=false low=true x=false",
  "  w2 stock=30 doh=3 in=0 arr=[] vos=[] rec=0 nat=0 out=false low=true x=false",
  "  w3 stock=0 doh=0 in=0 arr=[] vos=[] rec=0 nat=0 out=true low=true x=false",
  "  w4 stock=0 doh=0 in=0 arr=[] vos=[] rec=0 nat=0 out=true low=true x=false",
  "  w5 stock=0 doh=0 in=0 arr=[] vos=[] rec=0 nat=0 out=true low=true x=false",
  "  w6 stock=0 doh=0 in=0 arr=[] vos=[] rec=0 nat=0 out=true low=true x=false",
  "  w7 stock=0 doh=0 in=0 arr=[] vos=[] rec=0 nat=0 out=true low=true x=false",
  "  w8 stock=0 doh=0 in=0 arr=[] vos=[] rec=0 nat=0 out=true low=true x=false",
  "  w9 stock=0 doh=0 in=0 arr=[] vos=[] rec=0 nat=0 out=true low=true x=false",
  "[global] SKU-REPAIR name=Repairable Part lead=international-default modal=sea dd=4 status=OK late=false buyBy=6",
  "  w1 stock=200 doh=50 in=0 arr=[] vos=[] rec=0 nat=0 out=false low=true x=false",
  "  w2 stock=176 doh=44 in=0 arr=[] vos=[] rec=4 nat=0 out=false low=true x=false",
  "  w3 stock=162 doh=41 in=0 arr=[] vos=[] rec=14 nat=0 out=false low=true x=false",
  "  w4 stock=418 doh=105 in=270 arr=[Marítimo:0/270] vos=[] rec=14 nat=0 out=false low=false x=false",
  "  w5 stock=404 doh=101 in=0 arr=[] vos=[] rec=14 nat=0 out=false low=false x=false",
  "  w6 stock=390 doh=98 in=0 arr=[] vos=[] rec=14 nat=0 out=false low=false x=false",
  "  w7 stock=376 doh=94 in=0 arr=[] vos=[] rec=14 nat=0 out=false low=false x=false",
  "  w8 stock=362 doh=91 in=0 arr=[] vos=[] rec=14 nat=0 out=false low=false x=false",
  "  w9 stock=348 doh=87 in=0 arr=[] vos=[] rec=14 nat=0 out=false low=false x=false",
  "[global] SKU-STEADY name=Steady Breacher lead=international-default modal=sea dd=5 status=OK late=false buyBy=null",
  "  w1 stock=500 doh=100 in=50 arr=[Marítimo:50/0] vos=[VO-1,VO-7] rec=0 nat=0 out=false low=false x=false",
  "  w2 stock=520 doh=104 in=55 arr=[Aéreo:15/0,Marítimo:40/0] vos=[VO-2,po-3] rec=0 nat=0 out=false low=false x=false",
  "  w3 stock=530 doh=106 in=45 arr=[Aéreo:25/0,Marítimo:20/0] vos=[VO-4,VO-10] rec=0 nat=0 out=false low=false x=false",
  "  w4 stock=495 doh=99 in=0 arr=[] vos=[] rec=0 nat=0 out=false low=false x=false",
  "  w5 stock=460 doh=92 in=0 arr=[] vos=[] rec=0 nat=0 out=false low=false x=false",
  "  w6 stock=425 doh=85 in=0 arr=[] vos=[] rec=0 nat=0 out=false low=false x=false",
  "  w7 stock=390 doh=78 in=0 arr=[] vos=[] rec=0 nat=0 out=false low=false x=false",
  "  w8 stock=355 doh=71 in=0 arr=[] vos=[] rec=0 nat=0 out=false low=true x=false",
  "  w9 stock=360 doh=72 in=40 arr=[Marítimo:40/0] vos=[VO-5] rec=0 nat=0 out=false low=true x=false",
  "[global] SKU-ZERO name=Zero Demand lead=international-default modal=sea dd=0 status=OK late=false buyBy=null",
  "  w1 stock=100 doh=null in=0 arr=[] vos=[] rec=0 nat=0 out=false low=false x=false",
  "  w2 stock=100 doh=null in=0 arr=[] vos=[] rec=0 nat=0 out=false low=false x=false",
  "  w3 stock=100 doh=null in=0 arr=[] vos=[] rec=0 nat=0 out=false low=false x=false",
  "  w4 stock=100 doh=null in=0 arr=[] vos=[] rec=0 nat=0 out=false low=false x=false",
  "  w5 stock=100 doh=null in=0 arr=[] vos=[] rec=0 nat=0 out=false low=false x=false",
  "  w6 stock=100 doh=null in=0 arr=[] vos=[] rec=0 nat=0 out=false low=false x=false",
  "  w7 stock=100 doh=null in=0 arr=[] vos=[] rec=0 nat=0 out=false low=false x=false",
  "  w8 stock=100 doh=null in=0 arr=[] vos=[] rec=0 nat=0 out=false low=false x=false",
  "  w9 stock=100 doh=null in=0 arr=[] vos=[] rec=0 nat=0 out=false low=false x=false",
  "[osasco] SKU-SEALEAD name=Long Sea Lead lead=international-default modal=sea dd=10 status=REORDER late=true buyBy=0",
  "  w1 stock=80 doh=10 in=0 arr=[] vos=[] rec=0 nat=0 out=false low=true x=false",
  "  w2 stock=24 doh=3 in=0 arr=[] vos=[] rec=0 nat=0 out=false low=true x=false",
  "  w3 stock=0 doh=0 in=0 arr=[] vos=[] rec=0 nat=0 out=true low=true x=false",
  "  w4 stock=0 doh=0 in=0 arr=[] vos=[] rec=0 nat=0 out=true low=true x=false",
  "  w5 stock=0 doh=0 in=0 arr=[] vos=[] rec=0 nat=0 out=true low=true x=false",
  "  w6 stock=0 doh=0 in=0 arr=[] vos=[] rec=0 nat=0 out=true low=true x=false",
  "  w7 stock=0 doh=0 in=0 arr=[] vos=[] rec=0 nat=0 out=true low=true x=false",
  "  w8 stock=0 doh=0 in=0 arr=[] vos=[] rec=0 nat=0 out=true low=true x=false",
  "  w9 stock=0 doh=0 in=0 arr=[] vos=[] rec=0 nat=0 out=true low=true x=false",
  "[osasco] SKU-REPAIR name=Repairable Part lead=international-default modal=sea dd=4 status=OK late=false buyBy=6",
  "  w1 stock=120 doh=50 in=0 arr=[] vos=[] rec=0 nat=0 out=false low=true x=false",
  "  w2 stock=106 doh=44 in=0 arr=[] vos=[] rec=2 nat=0 out=false low=true x=false",
  "  w3 stock=97 doh=40 in=0 arr=[] vos=[] rec=8 nat=0 out=false low=true x=false",
  "  w4 stock=359 doh=150 in=270 arr=[Marítimo:0/270] vos=[] rec=8 nat=0 out=false low=false x=false",
  "  w5 stock=350 doh=146 in=0 arr=[] vos=[] rec=8 nat=0 out=false low=false x=false",
  "  w6 stock=342 doh=143 in=0 arr=[] vos=[] rec=8 nat=0 out=false low=false x=false",
  "  w7 stock=334 doh=139 in=0 arr=[] vos=[] rec=8 nat=0 out=false low=false x=false",
  "  w8 stock=325 doh=135 in=0 arr=[] vos=[] rec=8 nat=0 out=false low=false x=false",
  "  w9 stock=317 doh=132 in=0 arr=[] vos=[] rec=8 nat=0 out=false low=false x=false",
  "[osasco] SKU-STEADY name=Steady Breacher lead=international-default modal=sea dd=5 status=OK late=false buyBy=null",
  "  w1 stock=350 doh=140 in=50 arr=[Marítimo:50/0] vos=[VO-1,VO-7] rec=0 nat=0 out=false low=false x=false",
  "  w2 stock=388 doh=155 in=55 arr=[Aéreo:15/0,Marítimo:40/0] vos=[VO-2,po-3] rec=0 nat=0 out=false low=false x=false",
  "  w3 stock=415 doh=166 in=45 arr=[Aéreo:25/0,Marítimo:20/0] vos=[VO-4,VO-10] rec=0 nat=0 out=false low=false x=false",
  "  w4 stock=398 doh=159 in=0 arr=[] vos=[] rec=0 nat=0 out=false low=false x=false",
  "  w5 stock=380 doh=152 in=0 arr=[] vos=[] rec=0 nat=0 out=false low=false x=false",
  "  w6 stock=363 doh=145 in=0 arr=[] vos=[] rec=0 nat=0 out=false low=false x=false",
  "  w7 stock=345 doh=138 in=0 arr=[] vos=[] rec=0 nat=0 out=false low=false x=false",
  "  w8 stock=328 doh=131 in=0 arr=[] vos=[] rec=0 nat=0 out=false low=false x=false",
  "  w9 stock=350 doh=140 in=40 arr=[Marítimo:40/0] vos=[VO-5] rec=0 nat=0 out=false low=false x=false",
  "[osasco] SKU-ZERO name=Zero Demand lead=international-default modal=sea dd=0 status=OK late=false buyBy=null",
  "  w1 stock=80 doh=null in=0 arr=[] vos=[] rec=0 nat=0 out=false low=false x=false",
  "  w2 stock=80 doh=null in=0 arr=[] vos=[] rec=0 nat=0 out=false low=false x=false",
  "  w3 stock=80 doh=null in=0 arr=[] vos=[] rec=0 nat=0 out=false low=false x=false",
  "  w4 stock=80 doh=null in=0 arr=[] vos=[] rec=0 nat=0 out=false low=false x=false",
  "  w5 stock=80 doh=null in=0 arr=[] vos=[] rec=0 nat=0 out=false low=false x=false",
  "  w6 stock=80 doh=null in=0 arr=[] vos=[] rec=0 nat=0 out=false low=false x=false",
  "  w7 stock=80 doh=null in=0 arr=[] vos=[] rec=0 nat=0 out=false low=false x=false",
  "  w8 stock=80 doh=null in=0 arr=[] vos=[] rec=0 nat=0 out=false low=false x=false",
  "  w9 stock=80 doh=null in=0 arr=[] vos=[] rec=0 nat=0 out=false low=false x=false",
  "[mooca] SKU-SEALEAD name=Long Sea Lead lead=international-default modal=sea dd=10 status=REORDER late=true buyBy=0",
  "  w1 stock=20 doh=10 in=0 arr=[] vos=[] rec=0 nat=0 out=false low=true x=false",
  "  w2 stock=6 doh=3 in=0 arr=[] vos=[] rec=0 nat=0 out=false low=true x=false",
  "  w3 stock=0 doh=0 in=0 arr=[] vos=[] rec=0 nat=0 out=true low=true x=false",
  "  w4 stock=0 doh=0 in=0 arr=[] vos=[] rec=0 nat=0 out=true low=true x=false",
  "  w5 stock=0 doh=0 in=0 arr=[] vos=[] rec=0 nat=0 out=true low=true x=false",
  "  w6 stock=0 doh=0 in=0 arr=[] vos=[] rec=0 nat=0 out=true low=true x=false",
  "  w7 stock=0 doh=0 in=0 arr=[] vos=[] rec=0 nat=0 out=true low=true x=false",
  "  w8 stock=0 doh=0 in=0 arr=[] vos=[] rec=0 nat=0 out=true low=true x=false",
  "  w9 stock=0 doh=0 in=0 arr=[] vos=[] rec=0 nat=0 out=true low=true x=false",
  "[mooca] SKU-REPAIR name=Repairable Part lead=international-default modal=sea dd=4 status=OK late=false buyBy=6",
  "  w1 stock=40 doh=50 in=0 arr=[] vos=[] rec=0 nat=0 out=false low=true x=false",
  "  w2 stock=34 doh=43 in=0 arr=[] vos=[] rec=0 nat=0 out=false low=true x=false",
  "  w3 stock=29 doh=36 in=0 arr=[] vos=[] rec=0 nat=0 out=false low=true x=false",
  "  w4 stock=23 doh=29 in=0 arr=[] vos=[] rec=0 nat=0 out=false low=true x=false",
  "  w5 stock=18 doh=23 in=0 arr=[] vos=[] rec=0 nat=0 out=false low=true x=false",
  "  w6 stock=12 doh=15 in=0 arr=[] vos=[] rec=0 nat=0 out=false low=true x=false",
  "  w7 stock=6 doh=8 in=0 arr=[] vos=[] rec=0 nat=0 out=false low=true x=false",
  "  w8 stock=1 doh=1 in=0 arr=[] vos=[] rec=0 nat=0 out=false low=true x=false",
  "  w9 stock=0 doh=0 in=0 arr=[] vos=[] rec=0 nat=0 out=true low=true x=false",
  "[mooca] SKU-STEADY name=Steady Breacher lead=international-default modal=sea dd=5 status=OK late=false buyBy=null",
  "  w1 stock=100 doh=67 in=0 arr=[] vos=[] rec=0 nat=0 out=false low=true x=false",
  "  w2 stock=90 doh=60 in=0 arr=[] vos=[] rec=0 nat=0 out=false low=true x=false",
  "  w3 stock=79 doh=53 in=0 arr=[] vos=[] rec=0 nat=0 out=false low=true x=false",
  "  w4 stock=69 doh=46 in=0 arr=[] vos=[] rec=0 nat=0 out=false low=true x=false",
  "  w5 stock=58 doh=39 in=0 arr=[] vos=[] rec=0 nat=0 out=false low=true x=false",
  "  w6 stock=48 doh=32 in=0 arr=[] vos=[] rec=0 nat=0 out=false low=true x=false",
  "  w7 stock=37 doh=25 in=0 arr=[] vos=[] rec=0 nat=0 out=false low=true x=false",
  "  w8 stock=27 doh=18 in=0 arr=[] vos=[] rec=0 nat=0 out=false low=true x=false",
  "  w9 stock=16 doh=11 in=0 arr=[] vos=[] rec=0 nat=0 out=false low=true x=false",
  "[mooca] SKU-ZERO name=Zero Demand lead=international-default modal=sea dd=0 status=OK late=false buyBy=null",
  "  w1 stock=10 doh=null in=0 arr=[] vos=[] rec=0 nat=0 out=false low=false x=false",
  "  w2 stock=10 doh=null in=0 arr=[] vos=[] rec=0 nat=0 out=false low=false x=false",
  "  w3 stock=10 doh=null in=0 arr=[] vos=[] rec=0 nat=0 out=false low=false x=false",
  "  w4 stock=10 doh=null in=0 arr=[] vos=[] rec=0 nat=0 out=false low=false x=false",
  "  w5 stock=10 doh=null in=0 arr=[] vos=[] rec=0 nat=0 out=false low=false x=false",
  "  w6 stock=10 doh=null in=0 arr=[] vos=[] rec=0 nat=0 out=false low=false x=false",
  "  w7 stock=10 doh=null in=0 arr=[] vos=[] rec=0 nat=0 out=false low=false x=false",
  "  w8 stock=10 doh=null in=0 arr=[] vos=[] rec=0 nat=0 out=false low=false x=false",
  "  w9 stock=10 doh=null in=0 arr=[] vos=[] rec=0 nat=0 out=false low=false x=false",
  "[sbc] SKU-SEALEAD name=Long Sea Lead lead=international-default modal=sea dd=10 status=REORDER late=true buyBy=0",
  "  w1 stock=0 doh=null in=0 arr=[] vos=[] rec=0 nat=0 out=true low=false x=false",
  "  w2 stock=0 doh=null in=0 arr=[] vos=[] rec=0 nat=0 out=true low=false x=false",
  "  w3 stock=0 doh=null in=0 arr=[] vos=[] rec=0 nat=0 out=true low=false x=false",
  "  w4 stock=0 doh=null in=0 arr=[] vos=[] rec=0 nat=0 out=true low=false x=false",
  "  w5 stock=0 doh=null in=0 arr=[] vos=[] rec=0 nat=0 out=true low=false x=false",
  "  w6 stock=0 doh=null in=0 arr=[] vos=[] rec=0 nat=0 out=true low=false x=false",
  "  w7 stock=0 doh=null in=0 arr=[] vos=[] rec=0 nat=0 out=true low=false x=false",
  "  w8 stock=0 doh=null in=0 arr=[] vos=[] rec=0 nat=0 out=true low=false x=false",
  "  w9 stock=0 doh=null in=0 arr=[] vos=[] rec=0 nat=0 out=true low=false x=false",
  "[sbc] SKU-REPAIR name=Repairable Part lead=international-default modal=sea dd=4 status=OK late=false buyBy=6",
  "  w1 stock=40 doh=50 in=0 arr=[] vos=[] rec=0 nat=0 out=false low=true x=false",
  "  w2 stock=34 doh=43 in=0 arr=[] vos=[] rec=0 nat=0 out=false low=true x=false",
  "  w3 stock=29 doh=36 in=0 arr=[] vos=[] rec=0 nat=0 out=false low=true x=false",
  "  w4 stock=23 doh=29 in=0 arr=[] vos=[] rec=0 nat=0 out=false low=true x=false",
  "  w5 stock=18 doh=23 in=0 arr=[] vos=[] rec=0 nat=0 out=false low=true x=false",
  "  w6 stock=12 doh=15 in=0 arr=[] vos=[] rec=0 nat=0 out=false low=true x=false",
  "  w7 stock=6 doh=8 in=0 arr=[] vos=[] rec=0 nat=0 out=false low=true x=false",
  "  w8 stock=1 doh=1 in=0 arr=[] vos=[] rec=0 nat=0 out=false low=true x=false",
  "  w9 stock=0 doh=0 in=0 arr=[] vos=[] rec=0 nat=0 out=true low=true x=false",
  "[sbc] SKU-STEADY name=Steady Breacher lead=international-default modal=sea dd=5 status=OK late=false buyBy=null",
  "  w1 stock=50 doh=50 in=0 arr=[] vos=[] rec=0 nat=0 out=false low=true x=false",
  "  w2 stock=43 doh=43 in=0 arr=[] vos=[] rec=0 nat=0 out=false low=true x=false",
  "  w3 stock=36 doh=36 in=0 arr=[] vos=[] rec=0 nat=0 out=false low=true x=false",
  "  w4 stock=29 doh=29 in=0 arr=[] vos=[] rec=0 nat=0 out=false low=true x=false",
  "  w5 stock=22 doh=22 in=0 arr=[] vos=[] rec=0 nat=0 out=false low=true x=false",
  "  w6 stock=15 doh=15 in=0 arr=[] vos=[] rec=0 nat=0 out=false low=true x=false",
  "  w7 stock=8 doh=8 in=0 arr=[] vos=[] rec=0 nat=0 out=false low=true x=false",
  "  w8 stock=1 doh=1 in=0 arr=[] vos=[] rec=0 nat=0 out=false low=true x=false",
  "  w9 stock=0 doh=0 in=0 arr=[] vos=[] rec=0 nat=0 out=true low=true x=false",
  "[sbc] SKU-ZERO name=Zero Demand lead=international-default modal=sea dd=0 status=OK late=false buyBy=null",
  "  w1 stock=10 doh=null in=0 arr=[] vos=[] rec=0 nat=0 out=false low=false x=false",
  "  w2 stock=10 doh=null in=0 arr=[] vos=[] rec=0 nat=0 out=false low=false x=false",
  "  w3 stock=10 doh=null in=0 arr=[] vos=[] rec=0 nat=0 out=false low=false x=false",
  "  w4 stock=10 doh=null in=0 arr=[] vos=[] rec=0 nat=0 out=false low=false x=false",
  "  w5 stock=10 doh=null in=0 arr=[] vos=[] rec=0 nat=0 out=false low=false x=false",
  "  w6 stock=10 doh=null in=0 arr=[] vos=[] rec=0 nat=0 out=false low=false x=false",
  "  w7 stock=10 doh=null in=0 arr=[] vos=[] rec=0 nat=0 out=false low=false x=false",
  "  w8 stock=10 doh=null in=0 arr=[] vos=[] rec=0 nat=0 out=false low=false x=false",
  "  w9 stock=10 doh=null in=0 arr=[] vos=[] rec=0 nat=0 out=false low=false x=false",
  "scenario=combined dohFloor=75 criteria=doh/75",
  "weeks=0:0:2026-06-23 1:7:2026-06-30 2:14:2026-07-07 3:21:2026-07-14 4:28:2026-07-21 5:35:2026-07-28 6:42:2026-08-04 7:49:2026-08-11 8:56:2026-08-18",
  "[global] SKU-SEALEAD name=Long Sea Lead lead=international-default modal=sea dd=10 status=REORDER late=true buyBy=0",
  "  w1 stock=100 doh=10 in=0 arr=[] vos=[] rec=0 nat=0 out=false low=true x=false",
  "  w2 stock=30 doh=3 in=0 arr=[] vos=[] rec=0 nat=0 out=false low=true x=false",
  "  w3 stock=0 doh=0 in=0 arr=[] vos=[] rec=0 nat=0 out=true low=true x=false",
  "  w4 stock=0 doh=0 in=0 arr=[] vos=[] rec=0 nat=0 out=true low=true x=false",
  "  w5 stock=0 doh=0 in=0 arr=[] vos=[] rec=0 nat=0 out=true low=true x=false",
  "  w6 stock=0 doh=0 in=0 arr=[] vos=[] rec=0 nat=0 out=true low=true x=false",
  "  w7 stock=1030 doh=103 in=1060 arr=[Aéreo:0/1060] vos=[] rec=0 nat=0 out=false low=false x=false",
  "  w8 stock=960 doh=96 in=0 arr=[] vos=[] rec=0 nat=0 out=false low=false x=false",
  "  w9 stock=890 doh=89 in=0 arr=[] vos=[] rec=0 nat=0 out=false low=false x=false",
  "[global] SKU-REPAIR name=Repairable Part lead=international-default modal=sea dd=4 status=OK late=false buyBy=6",
  "  w1 stock=200 doh=50 in=0 arr=[] vos=[] rec=0 nat=0 out=false low=true x=false",
  "  w2 stock=416 doh=104 in=240 arr=[Aéreo:0/240] vos=[] rec=4 nat=0 out=false low=false x=false",
  "  w3 stock=402 doh=101 in=0 arr=[] vos=[] rec=14 nat=0 out=false low=false x=false",
  "  w4 stock=388 doh=97 in=0 arr=[] vos=[] rec=14 nat=0 out=false low=false x=false",
  "  w5 stock=374 doh=94 in=0 arr=[] vos=[] rec=14 nat=0 out=false low=false x=false",
  "  w6 stock=360 doh=90 in=0 arr=[] vos=[] rec=14 nat=0 out=false low=false x=false",
  "  w7 stock=346 doh=87 in=0 arr=[] vos=[] rec=14 nat=0 out=false low=false x=false",
  "  w8 stock=332 doh=83 in=0 arr=[] vos=[] rec=14 nat=0 out=false low=false x=false",
  "  w9 stock=318 doh=80 in=0 arr=[] vos=[] rec=14 nat=0 out=false low=false x=false",
  "[global] SKU-STEADY name=Steady Breacher lead=international-default modal=sea dd=5 status=OK late=false buyBy=null",
  "  w1 stock=500 doh=100 in=50 arr=[Marítimo:50/0] vos=[VO-1,VO-7] rec=0 nat=0 out=false low=false x=false",
  "  w2 stock=520 doh=104 in=55 arr=[Aéreo:15/0,Marítimo:40/0] vos=[VO-2,po-3] rec=0 nat=0 out=false low=false x=false",
  "  w3 stock=530 doh=106 in=45 arr=[Aéreo:25/0,Marítimo:20/0] vos=[VO-4,VO-10] rec=0 nat=0 out=false low=false x=false",
  "  w4 stock=495 doh=99 in=0 arr=[] vos=[] rec=0 nat=0 out=false low=false x=false",
  "  w5 stock=460 doh=92 in=0 arr=[] vos=[] rec=0 nat=0 out=false low=false x=false",
  "  w6 stock=425 doh=85 in=0 arr=[] vos=[] rec=0 nat=0 out=false low=false x=false",
  "  w7 stock=390 doh=78 in=0 arr=[] vos=[] rec=0 nat=0 out=false low=false x=false",
  "  w8 stock=510 doh=102 in=155 arr=[Aéreo:0/155] vos=[] rec=0 nat=0 out=false low=false x=false",
  "  w9 stock=515 doh=103 in=40 arr=[Marítimo:40/0] vos=[VO-5] rec=0 nat=0 out=false low=false x=false",
  "[global] SKU-ZERO name=Zero Demand lead=international-default modal=sea dd=0 status=OK late=false buyBy=null",
  "  w1 stock=100 doh=null in=0 arr=[] vos=[] rec=0 nat=0 out=false low=false x=false",
  "  w2 stock=100 doh=null in=0 arr=[] vos=[] rec=0 nat=0 out=false low=false x=false",
  "  w3 stock=100 doh=null in=0 arr=[] vos=[] rec=0 nat=0 out=false low=false x=false",
  "  w4 stock=100 doh=null in=0 arr=[] vos=[] rec=0 nat=0 out=false low=false x=false",
  "  w5 stock=100 doh=null in=0 arr=[] vos=[] rec=0 nat=0 out=false low=false x=false",
  "  w6 stock=100 doh=null in=0 arr=[] vos=[] rec=0 nat=0 out=false low=false x=false",
  "  w7 stock=100 doh=null in=0 arr=[] vos=[] rec=0 nat=0 out=false low=false x=false",
  "  w8 stock=100 doh=null in=0 arr=[] vos=[] rec=0 nat=0 out=false low=false x=false",
  "  w9 stock=100 doh=null in=0 arr=[] vos=[] rec=0 nat=0 out=false low=false x=false",
  "[osasco] SKU-SEALEAD name=Long Sea Lead lead=international-default modal=sea dd=10 status=REORDER late=true buyBy=0",
  "  w1 stock=80 doh=10 in=0 arr=[] vos=[] rec=0 nat=0 out=false low=true x=false",
  "  w2 stock=24 doh=3 in=0 arr=[] vos=[] rec=0 nat=0 out=false low=true x=false",
  "  w3 stock=0 doh=0 in=0 arr=[] vos=[] rec=0 nat=0 out=true low=true x=false",
  "  w4 stock=0 doh=0 in=0 arr=[] vos=[] rec=0 nat=0 out=true low=true x=false",
  "  w5 stock=0 doh=0 in=0 arr=[] vos=[] rec=0 nat=0 out=true low=true x=false",
  "  w6 stock=0 doh=0 in=0 arr=[] vos=[] rec=0 nat=0 out=true low=true x=false",
  "  w7 stock=1036 doh=130 in=1060 arr=[Aéreo:0/1060] vos=[] rec=0 nat=0 out=false low=false x=false",
  "  w8 stock=980 doh=123 in=0 arr=[] vos=[] rec=0 nat=0 out=false low=false x=false",
  "  w9 stock=924 doh=116 in=0 arr=[] vos=[] rec=0 nat=0 out=false low=false x=false",
  "[osasco] SKU-REPAIR name=Repairable Part lead=international-default modal=sea dd=4 status=OK late=false buyBy=6",
  "  w1 stock=120 doh=50 in=0 arr=[] vos=[] rec=0 nat=0 out=false low=true x=false",
  "  w2 stock=346 doh=144 in=240 arr=[Aéreo:0/240] vos=[] rec=2 nat=0 out=false low=false x=false",
  "  w3 stock=337 doh=140 in=0 arr=[] vos=[] rec=8 nat=0 out=false low=false x=false",
  "  w4 stock=329 doh=137 in=0 arr=[] vos=[] rec=8 nat=0 out=false low=false x=false",
  "  w5 stock=320 doh=133 in=0 arr=[] vos=[] rec=8 nat=0 out=false low=false x=false",
  "  w6 stock=312 doh=130 in=0 arr=[] vos=[] rec=8 nat=0 out=false low=false x=false",
  "  w7 stock=304 doh=127 in=0 arr=[] vos=[] rec=8 nat=0 out=false low=false x=false",
  "  w8 stock=295 doh=123 in=0 arr=[] vos=[] rec=8 nat=0 out=false low=false x=false",
  "  w9 stock=287 doh=120 in=0 arr=[] vos=[] rec=8 nat=0 out=false low=false x=false",
  "[osasco] SKU-STEADY name=Steady Breacher lead=international-default modal=sea dd=5 status=OK late=false buyBy=null",
  "  w1 stock=350 doh=140 in=50 arr=[Marítimo:50/0] vos=[VO-1,VO-7] rec=0 nat=0 out=false low=false x=false",
  "  w2 stock=388 doh=155 in=55 arr=[Aéreo:15/0,Marítimo:40/0] vos=[VO-2,po-3] rec=0 nat=0 out=false low=false x=false",
  "  w3 stock=415 doh=166 in=45 arr=[Aéreo:25/0,Marítimo:20/0] vos=[VO-4,VO-10] rec=0 nat=0 out=false low=false x=false",
  "  w4 stock=398 doh=159 in=0 arr=[] vos=[] rec=0 nat=0 out=false low=false x=false",
  "  w5 stock=380 doh=152 in=0 arr=[] vos=[] rec=0 nat=0 out=false low=false x=false",
  "  w6 stock=363 doh=145 in=0 arr=[] vos=[] rec=0 nat=0 out=false low=false x=false",
  "  w7 stock=345 doh=138 in=0 arr=[] vos=[] rec=0 nat=0 out=false low=false x=false",
  "  w8 stock=483 doh=193 in=155 arr=[Aéreo:0/155] vos=[] rec=0 nat=0 out=false low=false x=false",
  "  w9 stock=505 doh=202 in=40 arr=[Marítimo:40/0] vos=[VO-5] rec=0 nat=0 out=false low=false x=false",
  "[osasco] SKU-ZERO name=Zero Demand lead=international-default modal=sea dd=0 status=OK late=false buyBy=null",
  "  w1 stock=80 doh=null in=0 arr=[] vos=[] rec=0 nat=0 out=false low=false x=false",
  "  w2 stock=80 doh=null in=0 arr=[] vos=[] rec=0 nat=0 out=false low=false x=false",
  "  w3 stock=80 doh=null in=0 arr=[] vos=[] rec=0 nat=0 out=false low=false x=false",
  "  w4 stock=80 doh=null in=0 arr=[] vos=[] rec=0 nat=0 out=false low=false x=false",
  "  w5 stock=80 doh=null in=0 arr=[] vos=[] rec=0 nat=0 out=false low=false x=false",
  "  w6 stock=80 doh=null in=0 arr=[] vos=[] rec=0 nat=0 out=false low=false x=false",
  "  w7 stock=80 doh=null in=0 arr=[] vos=[] rec=0 nat=0 out=false low=false x=false",
  "  w8 stock=80 doh=null in=0 arr=[] vos=[] rec=0 nat=0 out=false low=false x=false",
  "  w9 stock=80 doh=null in=0 arr=[] vos=[] rec=0 nat=0 out=false low=false x=false",
  "[mooca] SKU-SEALEAD name=Long Sea Lead lead=international-default modal=sea dd=10 status=REORDER late=true buyBy=0",
  "  w1 stock=20 doh=10 in=0 arr=[] vos=[] rec=0 nat=0 out=false low=true x=false",
  "  w2 stock=6 doh=3 in=0 arr=[] vos=[] rec=0 nat=0 out=false low=true x=false",
  "  w3 stock=0 doh=0 in=0 arr=[] vos=[] rec=0 nat=0 out=true low=true x=false",
  "  w4 stock=0 doh=0 in=0 arr=[] vos=[] rec=0 nat=0 out=true low=true x=false",
  "  w5 stock=0 doh=0 in=0 arr=[] vos=[] rec=0 nat=0 out=true low=true x=false",
  "  w6 stock=0 doh=0 in=0 arr=[] vos=[] rec=0 nat=0 out=true low=true x=false",
  "  w7 stock=0 doh=0 in=0 arr=[] vos=[] rec=0 nat=0 out=true low=true x=false",
  "  w8 stock=0 doh=0 in=0 arr=[] vos=[] rec=0 nat=0 out=true low=true x=false",
  "  w9 stock=0 doh=0 in=0 arr=[] vos=[] rec=0 nat=0 out=true low=true x=false",
  "[mooca] SKU-REPAIR name=Repairable Part lead=international-default modal=sea dd=4 status=OK late=false buyBy=6",
  "  w1 stock=40 doh=50 in=0 arr=[] vos=[] rec=0 nat=0 out=false low=true x=false",
  "  w2 stock=34 doh=43 in=0 arr=[] vos=[] rec=0 nat=0 out=false low=true x=false",
  "  w3 stock=29 doh=36 in=0 arr=[] vos=[] rec=0 nat=0 out=false low=true x=false",
  "  w4 stock=23 doh=29 in=0 arr=[] vos=[] rec=0 nat=0 out=false low=true x=false",
  "  w5 stock=18 doh=23 in=0 arr=[] vos=[] rec=0 nat=0 out=false low=true x=false",
  "  w6 stock=12 doh=15 in=0 arr=[] vos=[] rec=0 nat=0 out=false low=true x=false",
  "  w7 stock=6 doh=8 in=0 arr=[] vos=[] rec=0 nat=0 out=false low=true x=false",
  "  w8 stock=1 doh=1 in=0 arr=[] vos=[] rec=0 nat=0 out=false low=true x=false",
  "  w9 stock=0 doh=0 in=0 arr=[] vos=[] rec=0 nat=0 out=true low=true x=false",
  "[mooca] SKU-STEADY name=Steady Breacher lead=international-default modal=sea dd=5 status=OK late=false buyBy=null",
  "  w1 stock=100 doh=67 in=0 arr=[] vos=[] rec=0 nat=0 out=false low=true x=false",
  "  w2 stock=90 doh=60 in=0 arr=[] vos=[] rec=0 nat=0 out=false low=true x=false",
  "  w3 stock=79 doh=53 in=0 arr=[] vos=[] rec=0 nat=0 out=false low=true x=false",
  "  w4 stock=69 doh=46 in=0 arr=[] vos=[] rec=0 nat=0 out=false low=true x=false",
  "  w5 stock=58 doh=39 in=0 arr=[] vos=[] rec=0 nat=0 out=false low=true x=false",
  "  w6 stock=48 doh=32 in=0 arr=[] vos=[] rec=0 nat=0 out=false low=true x=false",
  "  w7 stock=37 doh=25 in=0 arr=[] vos=[] rec=0 nat=0 out=false low=true x=false",
  "  w8 stock=27 doh=18 in=0 arr=[] vos=[] rec=0 nat=0 out=false low=true x=false",
  "  w9 stock=16 doh=11 in=0 arr=[] vos=[] rec=0 nat=0 out=false low=true x=false",
  "[mooca] SKU-ZERO name=Zero Demand lead=international-default modal=sea dd=0 status=OK late=false buyBy=null",
  "  w1 stock=10 doh=null in=0 arr=[] vos=[] rec=0 nat=0 out=false low=false x=false",
  "  w2 stock=10 doh=null in=0 arr=[] vos=[] rec=0 nat=0 out=false low=false x=false",
  "  w3 stock=10 doh=null in=0 arr=[] vos=[] rec=0 nat=0 out=false low=false x=false",
  "  w4 stock=10 doh=null in=0 arr=[] vos=[] rec=0 nat=0 out=false low=false x=false",
  "  w5 stock=10 doh=null in=0 arr=[] vos=[] rec=0 nat=0 out=false low=false x=false",
  "  w6 stock=10 doh=null in=0 arr=[] vos=[] rec=0 nat=0 out=false low=false x=false",
  "  w7 stock=10 doh=null in=0 arr=[] vos=[] rec=0 nat=0 out=false low=false x=false",
  "  w8 stock=10 doh=null in=0 arr=[] vos=[] rec=0 nat=0 out=false low=false x=false",
  "  w9 stock=10 doh=null in=0 arr=[] vos=[] rec=0 nat=0 out=false low=false x=false",
  "[sbc] SKU-SEALEAD name=Long Sea Lead lead=international-default modal=sea dd=10 status=REORDER late=true buyBy=0",
  "  w1 stock=0 doh=null in=0 arr=[] vos=[] rec=0 nat=0 out=true low=false x=false",
  "  w2 stock=0 doh=null in=0 arr=[] vos=[] rec=0 nat=0 out=true low=false x=false",
  "  w3 stock=0 doh=null in=0 arr=[] vos=[] rec=0 nat=0 out=true low=false x=false",
  "  w4 stock=0 doh=null in=0 arr=[] vos=[] rec=0 nat=0 out=true low=false x=false",
  "  w5 stock=0 doh=null in=0 arr=[] vos=[] rec=0 nat=0 out=true low=false x=false",
  "  w6 stock=0 doh=null in=0 arr=[] vos=[] rec=0 nat=0 out=true low=false x=false",
  "  w7 stock=0 doh=null in=0 arr=[] vos=[] rec=0 nat=0 out=true low=false x=false",
  "  w8 stock=0 doh=null in=0 arr=[] vos=[] rec=0 nat=0 out=true low=false x=false",
  "  w9 stock=0 doh=null in=0 arr=[] vos=[] rec=0 nat=0 out=true low=false x=false",
  "[sbc] SKU-REPAIR name=Repairable Part lead=international-default modal=sea dd=4 status=OK late=false buyBy=6",
  "  w1 stock=40 doh=50 in=0 arr=[] vos=[] rec=0 nat=0 out=false low=true x=false",
  "  w2 stock=34 doh=43 in=0 arr=[] vos=[] rec=0 nat=0 out=false low=true x=false",
  "  w3 stock=29 doh=36 in=0 arr=[] vos=[] rec=0 nat=0 out=false low=true x=false",
  "  w4 stock=23 doh=29 in=0 arr=[] vos=[] rec=0 nat=0 out=false low=true x=false",
  "  w5 stock=18 doh=23 in=0 arr=[] vos=[] rec=0 nat=0 out=false low=true x=false",
  "  w6 stock=12 doh=15 in=0 arr=[] vos=[] rec=0 nat=0 out=false low=true x=false",
  "  w7 stock=6 doh=8 in=0 arr=[] vos=[] rec=0 nat=0 out=false low=true x=false",
  "  w8 stock=1 doh=1 in=0 arr=[] vos=[] rec=0 nat=0 out=false low=true x=false",
  "  w9 stock=0 doh=0 in=0 arr=[] vos=[] rec=0 nat=0 out=true low=true x=false",
  "[sbc] SKU-STEADY name=Steady Breacher lead=international-default modal=sea dd=5 status=OK late=false buyBy=null",
  "  w1 stock=50 doh=50 in=0 arr=[] vos=[] rec=0 nat=0 out=false low=true x=false",
  "  w2 stock=43 doh=43 in=0 arr=[] vos=[] rec=0 nat=0 out=false low=true x=false",
  "  w3 stock=36 doh=36 in=0 arr=[] vos=[] rec=0 nat=0 out=false low=true x=false",
  "  w4 stock=29 doh=29 in=0 arr=[] vos=[] rec=0 nat=0 out=false low=true x=false",
  "  w5 stock=22 doh=22 in=0 arr=[] vos=[] rec=0 nat=0 out=false low=true x=false",
  "  w6 stock=15 doh=15 in=0 arr=[] vos=[] rec=0 nat=0 out=false low=true x=false",
  "  w7 stock=8 doh=8 in=0 arr=[] vos=[] rec=0 nat=0 out=false low=true x=false",
  "  w8 stock=1 doh=1 in=0 arr=[] vos=[] rec=0 nat=0 out=false low=true x=false",
  "  w9 stock=0 doh=0 in=0 arr=[] vos=[] rec=0 nat=0 out=true low=true x=false",
  "[sbc] SKU-ZERO name=Zero Demand lead=international-default modal=sea dd=0 status=OK late=false buyBy=null",
  "  w1 stock=10 doh=null in=0 arr=[] vos=[] rec=0 nat=0 out=false low=false x=false",
  "  w2 stock=10 doh=null in=0 arr=[] vos=[] rec=0 nat=0 out=false low=false x=false",
  "  w3 stock=10 doh=null in=0 arr=[] vos=[] rec=0 nat=0 out=false low=false x=false",
  "  w4 stock=10 doh=null in=0 arr=[] vos=[] rec=0 nat=0 out=false low=false x=false",
  "  w5 stock=10 doh=null in=0 arr=[] vos=[] rec=0 nat=0 out=false low=false x=false",
  "  w6 stock=10 doh=null in=0 arr=[] vos=[] rec=0 nat=0 out=false low=false x=false",
  "  w7 stock=10 doh=null in=0 arr=[] vos=[] rec=0 nat=0 out=false low=false x=false",
  "  w8 stock=10 doh=null in=0 arr=[] vos=[] rec=0 nat=0 out=false low=false x=false",
  "  w9 stock=10 doh=null in=0 arr=[] vos=[] rec=0 nat=0 out=false low=false x=false",
]
`;

exports[`buildAllScenarioGrids — characterization (regression gate) > doh criteria, 20 weeks — digest 1`] = `"434beb72e44fe6731288396b7c255696f4b789f25d5beae1a6e5ed4eb64c28db"`;

exports[`buildAllScenarioGrids — characterization (regression gate) > rop criteria, 8 weeks — digest 1`] = `"66328556409865739a79d1bac3a42fd4393e10ac4d75fa46045a5159d0bf1e51"`;

exports[`buildAllScenarioGrids — characterization (regression gate) > rop criteria, 20 weeks — digest 1`] = `"d3eb89d1dbeadb55691d468162859fea57c72ed4459a1a3dc42dd7ade3b96591"`;
